Archive member included to satisfy reference by file (symbol)

C:/ST/STM32CubeIDE_1.18.1/STM32CubeIDE/plugins/com.st.stm32cube.ide.mcu.externaltools.gnu-tools-for-stm32.13.3.rel1.win32_1.0.0.202411081344/tools/bin/../lib/gcc/arm-none-eabi/13.3.1/../../../../arm-none-eabi/lib/thumb/v7e-m+fp/hard\libstdc++_nano.a(del_ops.o)
                              ./Core/Src/main.o (operator delete(void*, unsigned int))
C:/ST/STM32CubeIDE_1.18.1/STM32CubeIDE/plugins/com.st.stm32cube.ide.mcu.externaltools.gnu-tools-for-stm32.13.3.rel1.win32_1.0.0.202411081344/tools/bin/../lib/gcc/arm-none-eabi/13.3.1/../../../../arm-none-eabi/lib/thumb/v7e-m+fp/hard\libstdc++_nano.a(new_op.o)
                              ./Core/Src/main.o (operator new(unsigned int))
C:/ST/STM32CubeIDE_1.18.1/STM32CubeIDE/plugins/com.st.stm32cube.ide.mcu.externaltools.gnu-tools-for-stm32.13.3.rel1.win32_1.0.0.202411081344/tools/bin/../lib/gcc/arm-none-eabi/13.3.1/../../../../arm-none-eabi/lib/thumb/v7e-m+fp/hard\libstdc++_nano.a(functexcept.o)
                              ./Core/Src/main.o (std::__throw_bad_alloc())
C:/ST/STM32CubeIDE_1.18.1/STM32CubeIDE/plugins/com.st.stm32cube.ide.mcu.externaltools.gnu-tools-for-stm32.13.3.rel1.win32_1.0.0.202411081344/tools/bin/../lib/gcc/arm-none-eabi/13.3.1/../../../../arm-none-eabi/lib/thumb/v7e-m+fp/hard\libstdc++_nano.a(del_op.o)
                              C:/ST/STM32CubeIDE_1.18.1/STM32CubeIDE/plugins/com.st.stm32cube.ide.mcu.externaltools.gnu-tools-for-stm32.13.3.rel1.win32_1.0.0.202411081344/tools/bin/../lib/gcc/arm-none-eabi/13.3.1/../../../../arm-none-eabi/lib/thumb/v7e-m+fp/hard\libstdc++_nano.a(del_ops.o) (operator delete(void*))
C:/ST/STM32CubeIDE_1.18.1/STM32CubeIDE/plugins/com.st.stm32cube.ide.mcu.externaltools.gnu-tools-for-stm32.13.3.rel1.win32_1.0.0.202411081344/tools/bin/../lib/gcc/arm-none-eabi/13.3.1/../../../../arm-none-eabi/lib/thumb/v7e-m+fp/hard\libstdc++_nano.a(new_handler.o)
                              C:/ST/STM32CubeIDE_1.18.1/STM32CubeIDE/plugins/com.st.stm32cube.ide.mcu.externaltools.gnu-tools-for-stm32.13.3.rel1.win32_1.0.0.202411081344/tools/bin/../lib/gcc/arm-none-eabi/13.3.1/../../../../arm-none-eabi/lib/thumb/v7e-m+fp/hard\libstdc++_nano.a(new_op.o) (std::get_new_handler())
C:/ST/STM32CubeIDE_1.18.1/STM32CubeIDE/plugins/com.st.stm32cube.ide.mcu.externaltools.gnu-tools-for-stm32.13.3.rel1.win32_1.0.0.202411081344/tools/bin/../lib/gcc/arm-none-eabi/13.3.1/../../../../arm-none-eabi/lib/thumb/v7e-m+fp/hard\libc_nano.a(libc_a-abort.o)
                              ./Core/Src/main.o (abort)
C:/ST/STM32CubeIDE_1.18.1/STM32CubeIDE/plugins/com.st.stm32cube.ide.mcu.externaltools.gnu-tools-for-stm32.13.3.rel1.win32_1.0.0.202411081344/tools/bin/../lib/gcc/arm-none-eabi/13.3.1/../../../../arm-none-eabi/lib/thumb/v7e-m+fp/hard\libc_nano.a(libc_a-exit.o)
                              C:/ST/STM32CubeIDE_1.18.1/STM32CubeIDE/plugins/com.st.stm32cube.ide.mcu.externaltools.gnu-tools-for-stm32.13.3.rel1.win32_1.0.0.202411081344/tools/bin/../lib/gcc/arm-none-eabi/13.3.1/../../../../arm-none-eabi/lib/thumb/v7e-m+fp/hard/crt0.o (exit)
C:/ST/STM32CubeIDE_1.18.1/STM32CubeIDE/plugins/com.st.stm32cube.ide.mcu.externaltools.gnu-tools-for-stm32.13.3.rel1.win32_1.0.0.202411081344/tools/bin/../lib/gcc/arm-none-eabi/13.3.1/../../../../arm-none-eabi/lib/thumb/v7e-m+fp/hard\libc_nano.a(libc_a-malloc.o)
                              C:/ST/STM32CubeIDE_1.18.1/STM32CubeIDE/plugins/com.st.stm32cube.ide.mcu.externaltools.gnu-tools-for-stm32.13.3.rel1.win32_1.0.0.202411081344/tools/bin/../lib/gcc/arm-none-eabi/13.3.1/../../../../arm-none-eabi/lib/thumb/v7e-m+fp/hard\libstdc++_nano.a(new_op.o) (malloc)
C:/ST/STM32CubeIDE_1.18.1/STM32CubeIDE/plugins/com.st.stm32cube.ide.mcu.externaltools.gnu-tools-for-stm32.13.3.rel1.win32_1.0.0.202411081344/tools/bin/../lib/gcc/arm-none-eabi/13.3.1/../../../../arm-none-eabi/lib/thumb/v7e-m+fp/hard\libc_nano.a(libc_a-mallocr.o)
                              C:/ST/STM32CubeIDE_1.18.1/STM32CubeIDE/plugins/com.st.stm32cube.ide.mcu.externaltools.gnu-tools-for-stm32.13.3.rel1.win32_1.0.0.202411081344/tools/bin/../lib/gcc/arm-none-eabi/13.3.1/../../../../arm-none-eabi/lib/thumb/v7e-m+fp/hard\libc_nano.a(libc_a-malloc.o) (_malloc_r)
C:/ST/STM32CubeIDE_1.18.1/STM32CubeIDE/plugins/com.st.stm32cube.ide.mcu.externaltools.gnu-tools-for-stm32.13.3.rel1.win32_1.0.0.202411081344/tools/bin/../lib/gcc/arm-none-eabi/13.3.1/../../../../arm-none-eabi/lib/thumb/v7e-m+fp/hard\libc_nano.a(libc_a-mlock.o)
                              C:/ST/STM32CubeIDE_1.18.1/STM32CubeIDE/plugins/com.st.stm32cube.ide.mcu.externaltools.gnu-tools-for-stm32.13.3.rel1.win32_1.0.0.202411081344/tools/bin/../lib/gcc/arm-none-eabi/13.3.1/../../../../arm-none-eabi/lib/thumb/v7e-m+fp/hard\libc_nano.a(libc_a-mallocr.o) (__malloc_lock)
[...]
Memory Configuration

Name             Origin             Length             Attributes
RAM              0x20000000         0x00020000         xrw
FLASH            0x08000000         0x00080000         xr
*default*        0x00000000         0xffffffff

Linker script and memory map

LOAD C:/ST/STM32CubeIDE_1.18.1/STM32CubeIDE/plugins/com.st.stm32cube.ide.mcu.externaltools.gnu-tools-for-stm32.13.3.rel1.win32_1.0.0.202411081344/tools/bin/../lib/gcc/arm-none-eabi/13.3.1/thumb/v7e-m+fp/hard/crti.o
LOAD C:/ST/STM32CubeIDE_1.18.1/STM32CubeIDE/plugins/com.st.stm32cube.ide.mcu.externaltools.gnu-tools-for-stm32.13.3.rel1.win32_1.0.0.202411081344/tools/bin/../lib/gcc/arm-none-eabi/13.3.1/thumb/v7e-m+fp/hard/crtbegin.o
LOAD C:/ST/STM32CubeIDE_1.18.1/STM32CubeIDE/plugins/com.st.stm32cube.ide.mcu.externaltools.gnu-tools-for-stm32.13.3.rel1.win32_1.0.0.202411081344/tools/bin/../lib/gcc/arm-none-eabi/13.3.1/../../../../arm-none-eabi/lib/thumb/v7e-m+fp/hard/crt0.o
LOAD ./Core/Src/main.o
LOAD ./Core/Src/stm32g4xx_hal_msp.o
LOAD ./Core/Src/stm32g4xx_it.o
LOAD ./Core/Src/syscalls.o
LOAD ./Core/Src/sysmem.o
LOAD ./Core/Src/system_stm32g4xx.o
LOAD ./Core/Startup/startup_stm32g474retx.o
LOAD ./Drivers/BSP/STM32G4xx_Nucleo/stm32g4xx_nucleo.o
LOAD ./Drivers/STM32G4xx_HAL_Driver/Src/stm32g4xx_hal.o
LOAD ./Drivers/STM32G4xx_HAL_Driver/Src/stm32g4xx_hal_cortex.o
LOAD ./Drivers/STM32G4xx_HAL_Driver/Src/stm32g4xx_hal_dma.o
LOAD ./Drivers/STM32G4xx_HAL_Driver/Src/stm32g4xx_hal_dma_ex.o
LOAD ./Drivers/STM32G4xx_HAL_Driver/Src/stm32g4xx_hal_exti.o
LOAD ./Drivers/STM32G4xx_HAL_Driver/Src/stm32g4xx_hal_fdcan.o
LOAD ./Drivers/STM32G4xx_HAL_Driver/Src/stm32g4xx_hal_flash.o
LOAD ./Drivers/STM32G4xx_HAL_Driver/Src/stm32g4xx_hal_flash_ex.o
LOAD ./Drivers/STM32G4xx_HAL_Driver/Src/stm32g4xx_hal_flash_ramfunc.o
LOAD ./Drivers/STM32G4xx_HAL_Driver/Src/stm32g4xx_hal_gpio.o
LOAD ./Drivers/STM32G4xx_HAL_Driver/Src/stm32g4xx_hal_pwr.o
LOAD ./Drivers/STM32G4xx_HAL_Driver/Src/stm32g4xx_hal_pwr_ex.o
LOAD ./Drivers/STM32G4xx_HAL_Driver/Src/stm32g4xx_hal_rcc.o
LOAD ./Drivers/STM32G4xx_HAL_Driver/Src/stm32g4xx_hal_rcc_ex.o
LOAD ./Drivers/STM32G4xx_HAL_Driver/Src/stm32g4xx_hal_uart.o
LOAD ./Drivers/STM32G4xx_HAL_Driver/Src/stm32g4xx_hal_uart_ex.o
LOAD ./Drivers/STM32G4xx_HAL_Driver/Src/stm32g4xx_hal_usart.o
LOAD ./Drivers/STM32G4xx_HAL_Driver/Src/stm32g4xx_hal_usart_ex.o
START GROUP
LOAD C:/ST/STM32CubeIDE_1.18.1/STM32CubeIDE/plugins/com.st.stm32cube.ide.mcu.externaltools.gnu-tools-for-stm32.13.3.rel1.win32_1.0.0.202411081344/tools/bin/../lib/gcc/arm-none-eabi/13.3.1/../../../../arm-none-eabi/lib/thumb/v7e-m+fp/hard\libstdc++_nano.a
LOAD C:/ST/STM32CubeIDE_1.18.1/STM32CubeIDE/plugins/com.st.stm32cube.ide.mcu.externaltools.gnu-tools-for-stm32.13.3.rel1.win32_1.0.0.202411081344/tools/bin/../lib/gcc/arm-none-eabi/13.3.1/../../../../arm-none-eabi/lib/thumb/v7e-m+fp/hard\libsupc++_nano.a
END GROUP
LOAD C:/ST/STM32CubeIDE_1.18.1/STM32CubeIDE/plugins/com.st.stm32cube.ide.mcu.externaltools.gnu-tools-for-stm32.13.3.rel1.win32_1.0.0.202411081344/tools/bin/../lib/gcc/arm-none-eabi/13.3.1/../../../../arm-none-eabi/lib/thumb/v7e-m+fp/hard\libstdc++_nano.a
LOAD C:/ST/STM32CubeIDE_1.18.1/STM32CubeIDE/plugins/com.st.stm32cube.ide.mcu.externaltools.gnu-tools-for-stm32.13.3.rel1.win32_1.0.0.202411081344/tools/bin/../lib/gcc/arm-none-eabi/13.3.1/../../../../arm-none-eabi/lib/thumb/v7e-m+fp/hard\libm.a
LOAD C:/ST/STM32CubeIDE_1.18.1/STM32CubeIDE/plugins/com.st.stm32cube.ide.mcu.externaltools.gnu-tools-for-stm32.13.3.rel1.win32_1.0.0.202411081344/tools/bin/../lib/gcc/arm-none-eabi/13.3.1/../../../../arm-none-eabi/lib/thumb/v7e-m+fp/hard\libc_nano.a
START GROUP
LOAD C:/ST/STM32CubeIDE_1.18.1/STM32CubeIDE/plugins/com.st.stm32cube.ide.mcu.externaltools.gnu-tools-for-stm32.13.3.rel1.win32_1.0.0.202411081344/tools/bin/../lib/gcc/arm-none-eabi/13.3.1/thumb/v7e-m+fp/hard\libgcc.a
LOAD C:/ST/STM32CubeIDE_1.18.1/STM32CubeIDE/plugins/com.st.stm32cube.ide.mcu.externaltools.gnu-tools-for-stm32.13.3.rel1.win32_1.0.0.202411081344/tools/bin/../lib/gcc/arm-none-eabi/13.3.1/../../../../arm-none-eabi/lib/thumb/v7e-m+fp/hard\libc_nano.a
END GROUP
START GROUP
LOAD C:/ST/STM32CubeIDE_1.18.1/STM32CubeIDE/plugins/com.st.stm32cube.ide.mcu.externaltools.gnu-tools-for-stm32.13.3.rel1.win32_1.0.0.202411081344/tools/bin/../lib/gcc/arm-none-eabi/13.3.1/thumb/v7e-m+fp/hard\libgcc.a
LOAD C:/ST/STM32CubeIDE_1.18.1/STM32CubeIDE/plugins/com.st.stm32cube.ide.mcu.externaltools.gnu-tools-for-stm32.13.3.rel1.win32_1.0.0.202411081344/tools/bin/../lib/gcc/arm-none-eabi/13.3.1/../../../../arm-none-eabi/lib/thumb/v7e-m+fp/hard\libc_nano.a
END GROUP
LOAD C:/ST/STM32CubeIDE_1.18.1/STM32CubeIDE/plugins/com.st.stm32cube.ide.mcu.externaltools.gnu-tools-for-stm32.13.3.rel1.win32_1.0.0.202411081344/tools/bin/../lib/gcc/arm-none-eabi/13.3.1/thumb/v7e-m+fp/hard/crtend.o
LOAD C:/ST/STM32CubeIDE_1.18.1/STM32CubeIDE/plugins/com.st.stm32cube.ide.mcu.externaltools.gnu-tools-for-stm32.13.3.rel1.win32_1.0.0.202411081344/tools/bin/../lib/gcc/arm-none-eabi/13.3.1/thumb/v7e-m+fp/hard/crtn.o
                0x20020000                        _estack = (ORIGIN (RAM) + LENGTH (RAM))
                0x00000200                        _Min_Heap_Size = 0x200
                0x00000400                        _Min_Stack_Size = 0x400

.isr_vector     0x08000000      0x1d8
                0x08000000                        . = ALIGN (0x4)
 *(.isr_vector)
 .isr_vector    0x08000000      0x1d8 ./Core/Startup/startup_stm32g474retx.o
                0x08000000                g_pfnVectors
                0x080001d8                        . = ALIGN (0x4)

.text           0x080001e0     0x5218
                0x080001e0                        . = ALIGN (0x4)
 *(.text)
 .text          0x080001e0       0x40 C:/ST/STM32CubeIDE_1.18.1/STM32CubeIDE/plugins/com.st.stm32cube.ide.mcu.externaltools.gnu-tools-for-stm32.13.3.rel1.win32_1.0.0.202411081344/tools/bin/../lib/gcc/arm-none-eabi/13.3.1/thumb/v7e-m+fp/hard/crtbegin.o
 .text          0x08000220       0x10 C:/ST/STM32CubeIDE_1.18.1/STM32CubeIDE/plugins/com.st.stm32cube.ide.mcu.externaltools.gnu-tools-for-stm32.13.3.rel1.win32_1.0.0.202411081344/tools/bin/../lib/gcc/arm-none-eabi/13.3.1/../../../../arm-none-eabi/lib/thumb/v7e-m+fp/hard\libc_nano.a(libc_a-strlen.o)
                0x08000220                strlen
 .text          0x08000230       0xa0 C:/ST/STM32CubeIDE_1.18.1/STM32CubeIDE/plugins/com.st.stm32cube.ide.mcu.externaltools.gnu-tools-for-stm32.13.3.rel1.win32_1.0.0.202411081344/tools/bin/../lib/gcc/arm-none-eabi/13.3.1/../../../../arm-none-eabi/lib/thumb/v7e-m+fp/hard\libc_nano.a(libc_a-memchr.o)
                0x08000230                memchr
 .text          0x080002d0       0x30 C:/ST/STM32CubeIDE_1.18.1/STM32CubeIDE/plugins/com.st.stm32cube.ide.mcu.externaltools.gnu-tools-for-stm32.13.3.rel1.win32_1.0.0.202411081344/tools/bin/../lib/gcc/arm-none-eabi/13.3.1/thumb/v7e-m+fp/hard\libgcc.a(_aeabi_uldivmod.o)
                0x080002d0                __aeabi_uldivmod
 .text          0x08000300      0x2f8 C:/ST/STM32CubeIDE_1.18.1/STM32CubeIDE/plugins/com.st.stm32cube.ide.mcu.externaltools.gnu-tools-for-stm32.13.3.rel1.win32_1.0.0.202411081344/tools/bin/../lib/gcc/arm-none-eabi/13.3.1/thumb/v7e-m+fp/hard\libgcc.a(_udivmoddi4.o)
                0x08000300                __udivmoddi4
 .text          0x080005f8        0x4 C:/ST/STM32CubeIDE_1.18.1/STM32CubeIDE/plugins/com.st.stm32cube.ide.mcu.externaltools.gnu-tools-for-stm32.13.3.rel1.win32_1.0.0.202411081344/tools/bin/../lib/gcc/arm-none-eabi/13.3.1/thumb/v7e-m+fp/hard\libgcc.a(_dvmd_tls.o)
                0x080005f8                __aeabi_idiv0
                0x080005f8                __aeabi_ldiv0
 *(.text*)
 .text._ZnwjPv  0x080005fc       0x18 ./Core/Src/main.o
                0x080005fc                operator new(unsigned int, void*)
 .text._ZSt17__size_to_integerj
                0x08000614       0x16 ./Core/Src/main.o
                0x08000614                std::__size_to_integer(unsigned int)
 *fill*         0x0800062a        0x2 
 .text._ZNSt14numeric_limitsIdE9quiet_NaNEv
                0x0800062c       0x24 ./Core/Src/main.o
                0x0800062c                std::numeric_limits<double>::quiet_NaN()
 .text._ZN6mjbots6moteus6detail14numeric_limitsIsE3maxEv
                0x08000650       0x12 ./Core/Src/main.o
                0x08000650                mjbots::moteus::detail::numeric_limits<short>::max()
 .text._ZN6mjbots6moteus12WriteCanDataC2EPNS0_7CanDataE
                0x08000662       0x28 ./Core/Src/main.o
                0x08000662                mjbots::moteus::WriteCanData::WriteCanData(mjbots::moteus::CanData*)
                0x08000662                mjbots::moteus::WriteCanData::WriteCanData(mjbots::moteus::CanData*)
 .text._ZNK6mjbots6moteus12WriteCanData4sizeEv
                0x0800068a       0x1a ./Core/Src/main.o
                0x0800068a                mjbots::moteus::WriteCanData::size() const
 .text._ZN6mjbots6moteus12WriteCanData12WriteVaruintEm
                0x080006a4       0x44 ./Core/Src/main.o
                0x080006a4                mjbots::moteus::WriteCanData::WriteVaruint(unsigned long)
 .text._ZN6mjbots6moteus15MultiplexParser14ResolutionSizeENS0_10ResolutionE
                0x080006e8       0x48 ./Core/Src/main.o
                0x080006e8                mjbots::moteus::MultiplexParser::ResolutionSize(mjbots::moteus::Resolution)
 .text._ZN6mjbots6moteus13WriteCombinerC2EPNS0_12WriteCanDataEatPKNS0_10ResolutionEt
                0x08000730       0x54 ./Core/Src/main.o
                0x08000730                mjbots::moteus::WriteCombiner::WriteCombiner(mjbots::moteus::WriteCanData*, signed char, unsigned short, mjbots::moteus::Resolution const*, unsigned short)
                0x08000730                mjbots::moteus::WriteCombiner::WriteCombiner(mjbots::moteus::WriteCanData*, signed char, unsigned short, mjbots::moteus::Resolution const*, unsigned short)
 .text._ZN6mjbots6moteus13WriteCombinerD2Ev
                0x08000784       0x22 ./Core/Src/main.o
                0x08000784                mjbots::moteus::WriteCombiner::~WriteCombiner()
                0x08000784                mjbots::moteus::WriteCombiner::~WriteCombiner()
 .text._ZNK6mjbots6moteus13WriteCombiner10reply_sizeEv
                0x080007a6       0x18 ./Core/Src/main.o
                0x080007a6                mjbots::moteus::WriteCombiner::reply_size() const
 *fill*         0x080007be        0x2 
 .text._ZZN6mjbots6moteus13WriteCombiner10MaybeWriteEvENKUlvE_clEv
                0x080007c0       0x50 ./Core/Src/main.o
                0x080007c0                mjbots::moteus::WriteCombiner::MaybeWrite()::{lambda()#1}::operator()() const
 .text._ZN6mjbots6moteus13WriteCombiner10MaybeWriteEv
                0x08000810      0x172 ./Core/Src/main.o
                0x08000810                mjbots::moteus::WriteCombiner::MaybeWrite()
 .text._ZN6mjbots6moteus5Query9ItemValueC2Ev
                0x08000982       0x2c ./Core/Src/main.o
                0x08000982                mjbots::moteus::Query::ItemValue::ItemValue()
                0x08000982                mjbots::moteus::Query::ItemValue::ItemValue()
 .text._ZN6mjbots6moteus5Query6ResultC2Ev
                0x080009ae      0x108 ./Core/Src/main.o
                0x080009ae                mjbots::moteus::Query::Result::Result()
                0x080009ae                mjbots::moteus::Query::Result::Result()
 .text._ZN6mjbots6moteus5Query10ItemFormatC2Ev
                0x08000ab6       0x24 ./Core/Src/main.o
                0x08000ab6                mjbots::moteus::Query::ItemFormat::ItemFormat()
                0x08000ab6                mjbots::moteus::Query::ItemFormat::ItemFormat()
 .text._ZN6mjbots6moteus5Query6FormatC2Ev
                0x08000ada       0x8c ./Core/Src/main.o
                0x08000ada                mjbots::moteus::Query::Format::Format()
                0x08000ada                mjbots::moteus::Query::Format::Format()
 .text._ZZN6mjbots6moteus5Query4MakeEPNS0_12WriteCanDataERKNS1_6FormatEENKUlvE_clEv
                0x08000b66       0x54 ./Core/Src/main.o
                0x08000b66                mjbots::moteus::Query::Make(mjbots::moteus::WriteCanData*, mjbots::moteus::Query::Format const&)::{lambda()#1}::operator()() const
 .text._ZN6mjbots6moteus5Query4MakeEPNS0_12WriteCanDataERKNS1_6FormatE
                0x08000bba      0x38a ./Core/Src/main.o
                0x08000bba                mjbots::moteus::Query::Make(mjbots::moteus::WriteCanData*, mjbots::moteus::Query::Format const&)
 .text._ZN6Moteus7OptionsC2Ev
                0x08000f44       0x4a ./Core/Src/main.o
                0x08000f44                Moteus::Options::Options()
                0x08000f44                Moteus::Options::Options()
 .text._ZN6mjbots6moteus10CanFdFrameC2Ev
                0x08000f8e       0x74 ./Core/Src/main.o
                0x08000f8e                mjbots::moteus::CanFdFrame::CanFdFrame()
                0x08000f8e                mjbots::moteus::CanFdFrame::CanFdFrame()
 .text._ZN6Moteus6ResultC2Ev
                0x08001002       0x2c ./Core/Src/main.o
                0x08001002                Moteus::Result::Result()
                0x08001002                Moteus::Result::Result()
 .text._ZN6MoteusC2ER19FDCAN_HandleTypeDefRKNS_7OptionsE
                0x0800102e       0xba ./Core/Src/main.o
                0x0800102e                Moteus::Moteus(FDCAN_HandleTypeDef&, Moteus::Options const&)
                0x0800102e                Moteus::Moteus(FDCAN_HandleTypeDef&, Moteus::Options const&)
 .text._ZNK7moteus1MUlvE_clEv
                0x080010e8       0x20 ./Core/Src/main.o
                0x080010e8                moteus1::{lambda()#1}::operator()() const
 .text.main     0x08001108       0xe8 ./Core/Src/main.o
                0x08001108                main
 .text._Z18SystemClock_Configv
                0x080011f0       0xaa ./Core/Src/main.o
                0x080011f0                SystemClock_Config()
 *fill*         0x0800129a        0x2 
 .text._ZL14MX_FDCAN1_Initv
                0x0800129c       0xc0 ./Core/Src/main.o
 .text._ZL19MX_USART2_UART_Initv
                0x0800135c       0xc0 ./Core/Src/main.o
 .text._ZL12MX_GPIO_Initv
                0x0800141c       0x78 ./Core/Src/main.o
 .text.Error_Handler
                0x08001494        0xc ./Core/Src/main.o
                0x08001494                Error_Handler
 .text._ZN6mjbots6moteus12WriteCanData5WriteIamEEvT0_
                0x080014a0       0x48 ./Core/Src/main.o
                0x080014a0                void mjbots::moteus::WriteCanData::Write<signed char, unsigned long>(unsigned long)
 .text._ZN6mjbots6moteus12WriteCanData5WriteIaaEEvT0_
                0x080014e8       0x48 ./Core/Src/main.o
                0x080014e8                void mjbots::moteus::WriteCanData::Write<signed char, signed char>(signed char)
 .text._ZN6mjbots6moteus12WriteCanData5WriteIaiEEvT0_
                0x08001530       0x48 ./Core/Src/main.o
                0x08001530                void mjbots::moteus::WriteCanData::Write<signed char, int>(int)
 .text._ZN6mjbots6moteus12WriteCanData5WriteIasEEvT0_
                0x08001578       0x4a ./Core/Src/main.o
                0x08001578                void mjbots::moteus::WriteCanData::Write<signed char, short>(short)
 .text._ZNSt6vectorIN6mjbots6moteus10ResolutionESaIS2_EEC2EjRKS3_
                0x080015c2       0x34 ./Core/Src/main.o
                0x080015c2                std::vector<mjbots::moteus::Resolution, std::allocator<mjbots::moteus::Resolution> >::vector(unsigned int, std::allocator<mjbots::moteus::Resolution> const&)
                0x080015c2                std::vector<mjbots::moteus::Resolution, std::allocator<mjbots::moteus::Resolution> >::vector(unsigned int, std::allocator<mjbots::moteus::Resolution> const&)
 .text._ZNSt6vectorIN6mjbots6moteus10ResolutionESaIS2_EED2Ev
                0x080015f6       0x3c ./Core/Src/main.o
                0x080015f6                std::vector<mjbots::moteus::Resolution, std::allocator<mjbots::moteus::Resolution> >::~vector()
                0x080015f6                std::vector<mjbots::moteus::Resolution, std::allocator<mjbots::moteus::Resolution> >::~vector()
 .text._ZNSt6vectorIN6mjbots6moteus10ResolutionESaIS2_EEixEj
                0x08001632       0x1e ./Core/Src/main.o
                0x08001632                std::vector<mjbots::moteus::Resolution, std::allocator<mjbots::moteus::Resolution> >::operator[](unsigned int)
 .text._ZNSt15__new_allocatorIN6mjbots6moteus10ResolutionEED2Ev
                0x08001650       0x16 ./Core/Src/main.o
                0x08001650                std::__new_allocator<mjbots::moteus::Resolution>::~__new_allocator()
                0x08001650                std::__new_allocator<mjbots::moteus::Resolution>::~__new_allocator()
 *fill*         0x08001666        0x2 
 .text._ZNSt6vectorIN6mjbots6moteus10ResolutionESaIS2_EE17_S_check_init_lenEjRKS3_
                0x08001668       0x54 ./Core/Src/main.o
                0x08001668                std::vector<mjbots::moteus::Resolution, std::allocator<mjbots::moteus::Resolution> >::_S_check_init_len(unsigned int, std::allocator<mjbots::moteus::Resolution> const&)
 .text._ZNSt12_Vector_baseIN6mjbots6moteus10ResolutionESaIS2_EE12_Vector_implD2Ev
                0x080016bc       0x1c ./Core/Src/main.o
                0x080016bc                std::_Vector_base<mjbots::moteus::Resolution, std::allocator<mjbots::moteus::Resolution> >::_Vector_impl::~_Vector_impl()
                0x080016bc                std::_Vector_base<mjbots::moteus::Resolution, std::allocator<mjbots::moteus::Resolution> >::_Vector_impl::~_Vector_impl()
 .text._ZNSt12_Vector_baseIN6mjbots6moteus10ResolutionESaIS2_EEC2EjRKS3_
                0x080016d8       0x28 ./Core/Src/main.o
                0x080016d8                std::_Vector_base<mjbots::moteus::Resolution, std::allocator<mjbots::moteus::Resolution> >::_Vector_base(unsigned int, std::allocator<mjbots::moteus::Resolution> const&)
                0x080016d8                std::_Vector_base<mjbots::moteus::Resolution, std::allocator<mjbots::moteus::Resolution> >::_Vector_base(unsigned int, std::allocator<mjbots::moteus::Resolution> const&)
 .text._ZNSt12_Vector_baseIN6mjbots6moteus10ResolutionESaIS2_EED2Ev
                0x08001700       0x30 ./Core/Src/main.o
                0x08001700                std::_Vector_base<mjbots::moteus::Resolution, std::allocator<mjbots::moteus::Resolution> >::~_Vector_base()
                0x08001700                std::_Vector_base<mjbots::moteus::Resolution, std::allocator<mjbots::moteus::Resolution> >::~_Vector_base()
 .text._ZNSt6vectorIN6mjbots6moteus10ResolutionESaIS2_EE21_M_default_initializeEj
                0x08001730       0x30 ./Core/Src/main.o
                0x08001730                std::vector<mjbots::moteus::Resolution, std::allocator<mjbots::moteus::Resolution> >::_M_default_initialize(unsigned int)
 .text._ZNSt12_Vector_baseIN6mjbots6moteus10ResolutionESaIS2_EE19_M_get_Tp_allocatorEv
                0x08001760       0x16 ./Core/Src/main.o
                0x08001760                std::_Vector_base<mjbots::moteus::Resolution, std::allocator<mjbots::moteus::Resolution> >::_M_get_Tp_allocator()
 .text._ZNSt6vectorIN6mjbots6moteus10ResolutionESaIS2_EE11_S_max_sizeERKS3_
                0x08001776       0x40 ./Core/Src/main.o
                0x08001776                std::vector<mjbots::moteus::Resolution, std::allocator<mjbots::moteus::Resolution> >::_S_max_size(std::allocator<mjbots::moteus::Resolution> const&)
 .text._ZNSt12_Vector_baseIN6mjbots6moteus10ResolutionESaIS2_EE12_Vector_implC2ERKS3_
                0x080017b6       0x2c ./Core/Src/main.o
                0x080017b6                std::_Vector_base<mjbots::moteus::Resolution, std::allocator<mjbots::moteus::Resolution> >::_Vector_impl::_Vector_impl(std::allocator<mjbots::moteus::Resolution> const&)
                0x080017b6                std::_Vector_base<mjbots::moteus::Resolution, std::allocator<mjbots::moteus::Resolution> >::_Vector_impl::_Vector_impl(std::allocator<mjbots::moteus::Resolution> const&)
 .text._ZNSt12_Vector_baseIN6mjbots6moteus10ResolutionESaIS2_EE17_M_create_storageEj
                0x080017e2       0x34 ./Core/Src/main.o
                0x080017e2                std::_Vector_base<mjbots::moteus::Resolution, std::allocator<mjbots::moteus::Resolution> >::_M_create_storage(unsigned int)
 .text._ZNSt12_Vector_baseIN6mjbots6moteus10ResolutionESaIS2_EE13_M_deallocateEPS2_j
                0x08001816       0x32 ./Core/Src/main.o
                0x08001816                std::_Vector_base<mjbots::moteus::Resolution, std::allocator<mjbots::moteus::Resolution> >::_M_deallocate(mjbots::moteus::Resolution*, unsigned int)
 .text._ZSt27__uninitialized_default_n_aIPN6mjbots6moteus10ResolutionEjS2_ET_S4_T0_RSaIT1_E
                0x08001848       0x1e ./Core/Src/main.o
                0x08001848                mjbots::moteus::Resolution* std::__uninitialized_default_n_a<mjbots::moteus::Resolution*, unsigned int, mjbots::moteus::Resolution>(mjbots::moteus::Resolution*, unsigned int, std::allocator<mjbots::moteus::Resolution>&)
 .text._ZSt8_DestroyIPN6mjbots6moteus10ResolutionEEvT_S4_
                0x08001866       0x1a ./Core/Src/main.o
                0x08001866                void std::_Destroy<mjbots::moteus::Resolution*>(mjbots::moteus::Resolution*, mjbots::moteus::Resolution*)
 .text._ZSt3minIjERKT_S2_S2_
                0x08001880       0x28 ./Core/Src/main.o
                0x08001880                unsigned int const& std::min<unsigned int>(unsigned int const&, unsigned int const&)
 .text._ZNSt12_Vector_baseIN6mjbots6moteus10ResolutionESaIS2_EE17_Vector_impl_dataC2Ev
                0x080018a8       0x28 ./Core/Src/main.o
                0x080018a8                std::_Vector_base<mjbots::moteus::Resolution, std::allocator<mjbots::moteus::Resolution> >::_Vector_impl_data::_Vector_impl_data()
                0x080018a8                std::_Vector_base<mjbots::moteus::Resolution, std::allocator<mjbots::moteus::Resolution> >::_Vector_impl_data::_Vector_impl_data()
 .text._ZNSt12_Vector_baseIN6mjbots6moteus10ResolutionESaIS2_EE11_M_allocateEj
                0x080018d0       0x32 ./Core/Src/main.o
                0x080018d0                std::_Vector_base<mjbots::moteus::Resolution, std::allocator<mjbots::moteus::Resolution> >::_M_allocate(unsigned int)
 .text._ZSt25__uninitialized_default_nIPN6mjbots6moteus10ResolutionEjET_S4_T0_
                0x08001902       0x20 ./Core/Src/main.o
                0x08001902                mjbots::moteus::Resolution* std::__uninitialized_default_n<mjbots::moteus::Resolution*, unsigned int>(mjbots::moteus::Resolution*, unsigned int)
 .text._ZNSt12_Destroy_auxILb1EE9__destroyIPN6mjbots6moteus10ResolutionEEEvT_S6_
                0x08001922       0x16 ./Core/Src/main.o
                0x08001922                void std::_Destroy_aux<true>::__destroy<mjbots::moteus::Resolution*>(mjbots::moteus::Resolution*, mjbots::moteus::Resolution*)
 .text._ZNSt15__new_allocatorIN6mjbots6moteus10ResolutionEE10deallocateEPS2_j
                0x08001938       0x1c ./Core/Src/main.o
                0x08001938                std::__new_allocator<mjbots::moteus::Resolution>::deallocate(mjbots::moteus::Resolution*, unsigned int)
 .text._ZNSt27__uninitialized_default_n_1ILb1EE18__uninit_default_nIPN6mjbots6moteus10ResolutionEjEET_S6_T0_
                0x08001954       0x3e ./Core/Src/main.o
                0x08001954                mjbots::moteus::Resolution* std::__uninitialized_default_n_1<true>::__uninit_default_n<mjbots::moteus::Resolution*, unsigned int>(mjbots::moteus::Resolution*, unsigned int)
 .text._ZNSt15__new_allocatorIN6mjbots6moteus10ResolutionEE8allocateEjPKv
                0x08001992       0x42 ./Core/Src/main.o
                0x08001992                std::__new_allocator<mjbots::moteus::Resolution>::allocate(unsigned int, void const*)
 .text._ZSt11__addressofIN6mjbots6moteus10ResolutionEEPT_RS3_
                0x080019d4       0x16 ./Core/Src/main.o
                0x080019d4                mjbots::moteus::Resolution* std::__addressof<mjbots::moteus::Resolution>(mjbots::moteus::Resolution&)
 .text._ZSt10_ConstructIN6mjbots6moteus10ResolutionEJEEvPT_DpOT0_
                0x080019ea       0x20 ./Core/Src/main.o
                0x080019ea                void std::_Construct<mjbots::moteus::Resolution>(mjbots::moteus::Resolution*)
 .text._ZSt6fill_nIPN6mjbots6moteus10ResolutionEjS2_ET_S4_T0_RKT1_
                0x08001a0a       0x2c ./Core/Src/main.o
                0x08001a0a                mjbots::moteus::Resolution* std::fill_n<mjbots::moteus::Resolution*, unsigned int, mjbots::moteus::Resolution>(mjbots::moteus::Resolution*, unsigned int, mjbots::moteus::Resolution const&)
 .text._ZSt10__fill_n_aIPN6mjbots6moteus10ResolutionEjS2_ET_S4_T0_RKT1_St26random_access_iterator_tag
                0x08001a36       0x36 ./Core/Src/main.o
                0x08001a36                mjbots::moteus::Resolution* std::__fill_n_a<mjbots::moteus::Resolution*, unsigned int, mjbots::moteus::Resolution>(mjbots::moteus::Resolution*, unsigned int, mjbots::moteus::Resolution const&, std::random_access_iterator_tag)
 .text._ZSt8__fill_aIPN6mjbots6moteus10ResolutionES2_EvT_S4_RKT0_
                0x08001a6c       0x1e ./Core/Src/main.o
                0x08001a6c                void std::__fill_a<mjbots::moteus::Resolution*, mjbots::moteus::Resolution>(mjbots::moteus::Resolution*, mjbots::moteus::Resolution*, mjbots::moteus::Resolution const&)
 .text._ZSt9__fill_a1IPN6mjbots6moteus10ResolutionES2_EN9__gnu_cxx11__enable_ifIXntsrSt11__is_scalarIT0_E7__valueEvE6__typeET_SB_RKS7_
                0x08001a8a       0x34 ./Core/Src/main.o
                0x08001a8a                __gnu_cxx::__enable_if<!std::__is_scalar<mjbots::moteus::Resolution>::__value, void>::__type std::__fill_a1<mjbots::moteus::Resolution*, mjbots::moteus::Resolution>(mjbots::moteus::Resolution*, mjbots::moteus::Resolution*, mjbots::moteus::Resolution const&)
 *fill*         0x08001abe        0x2 
 .text._Z41__static_initialization_and_destruction_0v
                0x08001ac0       0x30 ./Core/Src/main.o
 .text._GLOBAL__sub_I_hfdcan1
                0x08001af0        0xa ./Core/Src/main.o
 *fill*         0x08001afa        0x2 
 .text.HAL_MspInit
                0x08001afc       0x48 ./Core/Src/stm32g4xx_hal_msp.o
                0x08001afc                HAL_MspInit
 .text.HAL_FDCAN_MspInit
                0x08001b44       0xb4 ./Core/Src/stm32g4xx_hal_msp.o
                0x08001b44                HAL_FDCAN_MspInit
 .text.HAL_UART_MspInit
                0x08001bf8       0xb0 ./Core/Src/stm32g4xx_hal_msp.o
                0x08001bf8                HAL_UART_MspInit
 .text.NMI_Handler
                0x08001ca8        0x8 ./Core/Src/stm32g4xx_it.o
                0x08001ca8                NMI_Handler
 .text.HardFault_Handler
                0x08001cb0        0x8 ./Core/Src/stm32g4xx_it.o
                0x08001cb0                HardFault_Handler
 .text.MemManage_Handler
                0x08001cb8        0x8 ./Core/Src/stm32g4xx_it.o
                0x08001cb8                MemManage_Handler
 .text.BusFault_Handler
                0x08001cc0        0x8 ./Core/Src/stm32g4xx_it.o
                0x08001cc0                BusFault_Handler
 .text.UsageFault_Handler
                0x08001cc8        0x8 ./Core/Src/stm32g4xx_it.o
                0x08001cc8                UsageFault_Handler
 .text.SVC_Handler
                0x08001cd0        0xe ./Core/Src/stm32g4xx_it.o
                0x08001cd0                SVC_Handler
 .text.DebugMon_Handler
                0x08001cde        0xe ./Core/Src/stm32g4xx_it.o
                0x08001cde                DebugMon_Handler
 .text.PendSV_Handler
                0x08001cec        0xe ./Core/Src/stm32g4xx_it.o
                0x08001cec                PendSV_Handler
 .text.SysTick_Handler
                0x08001cfa        0xc ./Core/Src/stm32g4xx_it.o
                0x08001cfa                SysTick_Handler
 .text.EXTI15_10_IRQHandler
                0x08001d06        0xe ./Core/Src/stm32g4xx_it.o
                0x08001d06                EXTI15_10_IRQHandler
 .text._getpid  0x08001d14       0x10 ./Core/Src/syscalls.o
                0x08001d14                _getpid
 .text._kill    0x08001d24       0x20 ./Core/Src/syscalls.o
                0x08001d24                _kill
 .text._exit    0x08001d44       0x16 ./Core/Src/syscalls.o
                0x08001d44                _exit
 *fill*         0x08001d5a        0x2 
 .text._sbrk    0x08001d5c       0x6c ./Core/Src/sysmem.o
                0x08001d5c                _sbrk
 .text.SystemInit
                0x08001dc8       0x24 ./Core/Src/system_stm32g4xx.o
                0x08001dc8                SystemInit
 .text.Reset_Handler
                0x08001dec       0x50 ./Core/Startup/startup_stm32g474retx.o
                0x08001dec                Reset_Handler
 .text.Default_Handler
                0x08001e3c        0x2 ./Core/Startup/startup_stm32g474retx.o
                0x08001e3c                RTC_Alarm_IRQHandler
                0x08001e3c                EXTI2_IRQHandler
                0x08001e3c                TIM8_TRG_COM_IRQHandler
                0x08001e3c                TIM8_CC_IRQHandler
                0x08001e3c                HRTIM1_Master_IRQHandler
                0x08001e3c                SPI4_IRQHandler
                0x08001e3c                FDCAN3_IT0_IRQHandler
                0x08001e3c                TIM1_CC_IRQHandler
                0x08001e3c                HRTIM1_FLT_IRQHandler
                0x08001e3c                HRTIM1_TIMF_IRQHandler
                0x08001e3c                USB_HP_IRQHandler
                0x08001e3c                CORDIC_IRQHandler
                0x08001e3c                HRTIM1_TIMD_IRQHandler
                0x08001e3c                DMA2_Channel8_IRQHandler
                0x08001e3c                EXTI3_IRQHandler
                0x08001e3c                I2C3_ER_IRQHandler
                0x08001e3c                EXTI0_IRQHandler
                0x08001e3c                I2C2_EV_IRQHandler
                0x08001e3c                FPU_IRQHandler
                0x08001e3c                FDCAN1_IT1_IRQHandler
                0x08001e3c                TIM1_UP_TIM16_IRQHandler
                0x08001e3c                ADC1_2_IRQHandler
                0x08001e3c                HRTIM1_TIME_IRQHandler
                0x08001e3c                SPI1_IRQHandler
                0x08001e3c                TIM6_DAC_IRQHandler
                0x08001e3c                HRTIM1_TIMC_IRQHandler
                0x08001e3c                TIM8_UP_IRQHandler
                0x08001e3c                DMA2_Channel2_IRQHandler
                0x08001e3c                DMA1_Channel4_IRQHandler
                0x08001e3c                TIM20_TRG_COM_IRQHandler
                0x08001e3c                USART3_IRQHandler
                0x08001e3c                DMA1_Channel7_IRQHandler
                0x08001e3c                UART5_IRQHandler
                0x08001e3c                ADC3_IRQHandler
                0x08001e3c                TIM4_IRQHandler
                0x08001e3c                DMA2_Channel1_IRQHandler
                0x08001e3c                QUADSPI_IRQHandler
                0x08001e3c                I2C1_EV_IRQHandler
                0x08001e3c                DMA1_Channel6_IRQHandler
                0x08001e3c                UART4_IRQHandler
                0x08001e3c                DMA2_Channel4_IRQHandler
                0x08001e3c                TIM3_IRQHandler
                0x08001e3c                RCC_IRQHandler
                0x08001e3c                TIM20_UP_IRQHandler
                0x08001e3c                DMA1_Channel1_IRQHandler
                0x08001e3c                Default_Handler
                0x08001e3c                DMA2_Channel7_IRQHandler
                0x08001e3c                RTC_TAMP_LSECSS_IRQHandler
                0x08001e3c                FMAC_IRQHandler
                0x08001e3c                DMA1_Channel8_IRQHandler
                0x08001e3c                HRTIM1_TIMA_IRQHandler
                0x08001e3c                TIM7_DAC_IRQHandler
                0x08001e3c                FDCAN3_IT1_IRQHandler
                0x08001e3c                TIM5_IRQHandler
                0x08001e3c                UCPD1_IRQHandler
                0x08001e3c                I2C3_EV_IRQHandler
                0x08001e3c                EXTI9_5_IRQHandler
                0x08001e3c                RTC_WKUP_IRQHandler
                0x08001e3c                PVD_PVM_IRQHandler
                0x08001e3c                SPI2_IRQHandler
                0x08001e3c                ADC5_IRQHandler
                0x08001e3c                DMA2_Channel5_IRQHandler
                0x08001e3c                CRS_IRQHandler
                0x08001e3c                DMA1_Channel5_IRQHandler
                0x08001e3c                USB_LP_IRQHandler
                0x08001e3c                EXTI4_IRQHandler
                0x08001e3c                RNG_IRQHandler
                0x08001e3c                HRTIM1_TIMB_IRQHandler
                0x08001e3c                TIM1_TRG_COM_TIM17_IRQHandler
                0x08001e3c                FDCAN2_IT1_IRQHandler
                0x08001e3c                DMA1_Channel3_IRQHandler
                0x08001e3c                ADC4_IRQHandler
                0x08001e3c                WWDG_IRQHandler
                0x08001e3c                I2C4_EV_IRQHandler
                0x08001e3c                FDCAN2_IT0_IRQHandler
                0x08001e3c                LPUART1_IRQHandler
                0x08001e3c                DMA2_Channel6_IRQHandler
                0x08001e3c                FDCAN1_IT0_IRQHandler
                0x08001e3c                TIM2_IRQHandler
                0x08001e3c                COMP7_IRQHandler
                0x08001e3c                COMP1_2_3_IRQHandler
                0x08001e3c                EXTI1_IRQHandler
                0x08001e3c                USART2_IRQHandler
                0x08001e3c                COMP4_5_6_IRQHandler
                0x08001e3c                TIM20_BRK_IRQHandler
                0x08001e3c                I2C2_ER_IRQHandler
                0x08001e3c                DMA1_Channel2_IRQHandler
                0x08001e3c                TIM8_BRK_IRQHandler
                0x08001e3c                FLASH_IRQHandler
                0x08001e3c                TIM20_CC_IRQHandler
                0x08001e3c                USART1_IRQHandler
                0x08001e3c                SPI3_IRQHandler
                0x08001e3c                I2C1_ER_IRQHandler
                0x08001e3c                FMC_IRQHandler
                0x08001e3c                LPTIM1_IRQHandler
                0x08001e3c                DMAMUX_OVR_IRQHandler
                0x08001e3c                I2C4_ER_IRQHandler
                0x08001e3c                USBWakeUp_IRQHandler
                0x08001e3c                SAI1_IRQHandler
                0x08001e3c                DMA2_Channel3_IRQHandler
                0x08001e3c                TIM1_BRK_TIM15_IRQHandler
 *fill*         0x08001e3e        0x2 
 .text.BSP_LED_Init
                0x08001e40       0x6c ./Drivers/BSP/STM32G4xx_Nucleo/stm32g4xx_nucleo.o
                0x08001e40                BSP_LED_Init
 .text.BSP_PB_Init
                0x08001eac       0xdc ./Drivers/BSP/STM32G4xx_Nucleo/stm32g4xx_nucleo.o
                0x08001eac                BSP_PB_Init
 .text.BSP_PB_IRQHandler
                0x08001f88       0x24 ./Drivers/BSP/STM32G4xx_Nucleo/stm32g4xx_nucleo.o
                0x08001f88                BSP_PB_IRQHandler
 .text.BSP_PB_Callback
                0x08001fac       0x16 ./Drivers/BSP/STM32G4xx_Nucleo/stm32g4xx_nucleo.o
                0x08001fac                BSP_PB_Callback
 .text.BUTTON_USER_EXTI_Callback
                0x08001fc2        0xe ./Drivers/BSP/STM32G4xx_Nucleo/stm32g4xx_nucleo.o
 .text.HAL_Init
                0x08001fd0       0x30 ./Drivers/STM32G4xx_HAL_Driver/Src/stm32g4xx_hal.o
                0x08001fd0                HAL_Init
 .text.HAL_InitTick
                0x08002000       0x74 ./Drivers/STM32G4xx_HAL_Driver/Src/stm32g4xx_hal.o
                0x08002000                HAL_InitTick
 .text.HAL_IncTick
                0x08002074       0x24 ./Drivers/STM32G4xx_HAL_Driver/Src/stm32g4xx_hal.o
                0x08002074                HAL_IncTick
 .text.HAL_GetTick
                0x08002098       0x18 ./Drivers/STM32G4xx_HAL_Driver/Src/stm32g4xx_hal.o
                0x08002098                HAL_GetTick
 .text.__NVIC_SetPriorityGrouping
                0x080020b0       0x48 ./Drivers/STM32G4xx_HAL_Driver/Src/stm32g4xx_hal_cortex.o
 .text.__NVIC_GetPriorityGrouping
                0x080020f8       0x1c ./Drivers/STM32G4xx_HAL_Driver/Src/stm32g4xx_hal_cortex.o
 .text.__NVIC_EnableIRQ
                0x08002114       0x3c ./Drivers/STM32G4xx_HAL_Driver/Src/stm32g4xx_hal_cortex.o
 .text.__NVIC_SetPriority
                0x08002150       0x54 ./Drivers/STM32G4xx_HAL_Driver/Src/stm32g4xx_hal_cortex.o
 .text.NVIC_EncodePriority
                0x080021a4       0x66 ./Drivers/STM32G4xx_HAL_Driver/Src/stm32g4xx_hal_cortex.o
 *fill*         0x0800220a        0x2 
 .text.SysTick_Config
                0x0800220c       0x44 ./Drivers/STM32G4xx_HAL_Driver/Src/stm32g4xx_hal_cortex.o
 .text.HAL_NVIC_SetPriorityGrouping
                0x08002250       0x16 ./Drivers/STM32G4xx_HAL_Driver/Src/stm32g4xx_hal_cortex.o
                0x08002250                HAL_NVIC_SetPriorityGrouping
 .text.HAL_NVIC_SetPriority
                0x08002266       0x34 ./Drivers/STM32G4xx_HAL_Driver/Src/stm32g4xx_hal_cortex.o
                0x08002266                HAL_NVIC_SetPriority
 .text.HAL_NVIC_EnableIRQ
                0x0800229a       0x1c ./Drivers/STM32G4xx_HAL_Driver/Src/stm32g4xx_hal_cortex.o
                0x0800229a                HAL_NVIC_EnableIRQ
 .text.HAL_SYSTICK_Config
                0x080022b6       0x18 ./Drivers/STM32G4xx_HAL_Driver/Src/stm32g4xx_hal_cortex.o
                0x080022b6                HAL_SYSTICK_Config
 .text.HAL_EXTI_RegisterCallback
                0x080022ce       0x3a ./Drivers/STM32G4xx_HAL_Driver/Src/stm32g4xx_hal_exti.o
                0x080022ce                HAL_EXTI_RegisterCallback
 .text.HAL_EXTI_GetHandle
                0x08002308       0x28 ./Drivers/STM32G4xx_HAL_Driver/Src/stm32g4xx_hal_exti.o
                0x08002308                HAL_EXTI_GetHandle
 .text.HAL_EXTI_IRQHandler
                0x08002330       0x60 ./Drivers/STM32G4xx_HAL_Driver/Src/stm32g4xx_hal_exti.o
                0x08002330                HAL_EXTI_IRQHandler
 .text.HAL_FDCAN_Init
                0x08002390      0x2b4 ./Drivers/STM32G4xx_HAL_Driver/Src/stm32g4xx_hal_fdcan.o
                0x08002390                HAL_FDCAN_Init
 .text.HAL_FDCAN_ConfigGlobalFilter
                0x08002644       0x62 ./Drivers/STM32G4xx_HAL_Driver/Src/stm32g4xx_hal_fdcan.o
                0x08002644                HAL_FDCAN_ConfigGlobalFilter
 .text.HAL_FDCAN_Start
                0x080026a6       0x50 ./Drivers/STM32G4xx_HAL_Driver/Src/stm32g4xx_hal_fdcan.o
                0x080026a6                HAL_FDCAN_Start
 *fill*         0x080026f6        0x2 
 .text.FDCAN_CalcultateRamBlockAddresses
                0x080026f8       0xd8 ./Drivers/STM32G4xx_HAL_Driver/Src/stm32g4xx_hal_fdcan.o
 .text.HAL_GPIO_Init
                0x080027d0      0x304 ./Drivers/STM32G4xx_HAL_Driver/Src/stm32g4xx_hal_gpio.o
                0x080027d0                HAL_GPIO_Init
 .text.HAL_GPIO_WritePin
                0x08002ad4       0x30 ./Drivers/STM32G4xx_HAL_Driver/Src/stm32g4xx_hal_gpio.o
                0x08002ad4                HAL_GPIO_WritePin
 .text.HAL_GPIO_TogglePin
                0x08002b04       0x34 ./Drivers/STM32G4xx_HAL_Driver/Src/stm32g4xx_hal_gpio.o
                0x08002b04                HAL_GPIO_TogglePin
 .text.HAL_PWREx_ControlVoltageScaling
                0x08002b38      0x148 ./Drivers/STM32G4xx_HAL_Driver/Src/stm32g4xx_hal_pwr_ex.o
                0x08002b38                HAL_PWREx_ControlVoltageScaling
 .text.HAL_PWREx_DisableUCPDDeadBattery
                0x08002c80       0x20 ./Drivers/STM32G4xx_HAL_Driver/Src/stm32g4xx_hal_pwr_ex.o
                0x08002c80                HAL_PWREx_DisableUCPDDeadBattery
 .text.HAL_RCC_OscConfig
                0x08002ca0      0x624 ./Drivers/STM32G4xx_HAL_Driver/Src/stm32g4xx_hal_rcc.o
                0x08002ca0                HAL_RCC_OscConfig
 .text.HAL_RCC_ClockConfig
                0x080032c4      0x278 ./Drivers/STM32G4xx_HAL_Driver/Src/stm32g4xx_hal_rcc.o
                0x080032c4                HAL_RCC_ClockConfig
 .text.HAL_RCC_GetSysClockFreq
                0x0800353c       0xc4 ./Drivers/STM32G4xx_HAL_Driver/Src/stm32g4xx_hal_rcc.o
                0x0800353c                HAL_RCC_GetSysClockFreq
 .text.HAL_RCC_GetHCLKFreq
                0x08003600       0x18 ./Drivers/STM32G4xx_HAL_Driver/Src/stm32g4xx_hal_rcc.o
                0x08003600                HAL_RCC_GetHCLKFreq
 .text.HAL_RCC_GetPCLK1Freq
                0x08003618       0x2c ./Drivers/STM32G4xx_HAL_Driver/Src/stm32g4xx_hal_rcc.o
                0x08003618                HAL_RCC_GetPCLK1Freq
 .text.HAL_RCC_GetPCLK2Freq
                0x08003644       0x2c ./Drivers/STM32G4xx_HAL_Driver/Src/stm32g4xx_hal_rcc.o
                0x08003644                HAL_RCC_GetPCLK2Freq
 .text.RCC_GetSysClockFreqFromPLLSource
                0x08003670       0x8c ./Drivers/STM32G4xx_HAL_Driver/Src/stm32g4xx_hal_rcc.o
 .text.HAL_RCCEx_PeriphCLKConfig
                0x080036fc      0x49c ./Drivers/STM32G4xx_HAL_Driver/Src/stm32g4xx_hal_rcc_ex.o
                0x080036fc                HAL_RCCEx_PeriphCLKConfig
 .text.HAL_UART_Init
                0x08003b98       0xa0 ./Drivers/STM32G4xx_HAL_Driver/Src/stm32g4xx_hal_uart.o
                0x08003b98                HAL_UART_Init
 .text.HAL_UART_Transmit
                0x08003c38      0x11c ./Drivers/STM32G4xx_HAL_Driver/Src/stm32g4xx_hal_uart.o
                0x08003c38                HAL_UART_Transmit
 .text.UART_SetConfig
                0x08003d54      0x5f8 ./Drivers/STM32G4xx_HAL_Driver/Src/stm32g4xx_hal_uart.o
                0x08003d54                UART_SetConfig
 .text.UART_AdvFeatureConfig
                0x0800434c      0x144 ./Drivers/STM32G4xx_HAL_Driver/Src/stm32g4xx_hal_uart.o
                0x0800434c                UART_AdvFeatureConfig
 .text.UART_CheckIdleState
                0x08004490      0x154 ./Drivers/STM32G4xx_HAL_Driver/Src/stm32g4xx_hal_uart.o
                0x08004490                UART_CheckIdleState
 .text.UART_WaitOnFlagUntilTimeout
                0x080045e4       0xda ./Drivers/STM32G4xx_HAL_Driver/Src/stm32g4xx_hal_uart.o
                0x080045e4                UART_WaitOnFlagUntilTimeout
 .text.UART_EndRxTransfer
                0x080046be       0xcc ./Drivers/STM32G4xx_HAL_Driver/Src/stm32g4xx_hal_uart.o
 .text.HAL_UARTEx_DisableFifoMode
                0x0800478a       0x72 ./Drivers/STM32G4xx_HAL_Driver/Src/stm32g4xx_hal_uart_ex.o
                0x0800478a                HAL_UARTEx_DisableFifoMode
 .text.HAL_UARTEx_SetTxFifoThreshold
                0x080047fc       0x7c ./Drivers/STM32G4xx_HAL_Driver/Src/stm32g4xx_hal_uart_ex.o
                0x080047fc                HAL_UARTEx_SetTxFifoThreshold
 .text.HAL_UARTEx_SetRxFifoThreshold
                0x08004878       0x7c ./Drivers/STM32G4xx_HAL_Driver/Src/stm32g4xx_hal_uart_ex.o
                0x08004878                HAL_UARTEx_SetRxFifoThreshold
 .text.UARTEx_SetNbDataToProcess
                0x080048f4       0x9c ./Drivers/STM32G4xx_HAL_Driver/Src/stm32g4xx_hal_uart_ex.o
 .text._ZdlPvj  0x08004990        0x4 C:/ST/STM32CubeIDE_1.18.1/STM32CubeIDE/plugins/com.st.stm32cube.ide.mcu.externaltools.gnu-tools-for-stm32.13.3.rel1.win32_1.0.0.202411081344/tools/bin/../lib/gcc/arm-none-eabi/13.3.1/../../../../arm-none-eabi/lib/thumb/v7e-m+fp/hard\libstdc++_nano.a(del_ops.o)
                0x08004990                operator delete(void*, unsigned int)
 .text._Znwj    0x08004994       0x22 C:/ST/STM32CubeIDE_1.18.1/STM32CubeIDE/plugins/com.st.stm32cube.ide.mcu.externaltools.gnu-tools-for-stm32.13.3.rel1.win32_1.0.0.202411081344/tools/bin/../lib/gcc/arm-none-eabi/13.3.1/../../../../arm-none-eabi/lib/thumb/v7e-m+fp/hard\libstdc++_nano.a(new_op.o)
                0x08004994                operator new(unsigned int)
 .text.unlikely._ZSt17__throw_bad_allocv
                0x080049b6        0x6 C:/ST/STM32CubeIDE_1.18.1/STM32CubeIDE/plugins/com.st.stm32cube.ide.mcu.externaltools.gnu-tools-for-stm32.13.3.rel1.win32_1.0.0.202411081344/tools/bin/../lib/gcc/arm-none-eabi/13.3.1/../../../../arm-none-eabi/lib/thumb/v7e-m+fp/hard\libstdc++_nano.a(functexcept.o)
                0x080049b6                std::__throw_bad_alloc()
 .text.unlikely._ZSt20__throw_length_errorPKc
                0x080049bc        0x6 C:/ST/STM32CubeIDE_1.18.1/STM32CubeIDE/plugins/com.st.stm32cube.ide.mcu.externaltools.gnu-tools-for-stm32.13.3.rel1.win32_1.0.0.202411081344/tools/bin/../lib/gcc/arm-none-eabi/13.3.1/../../../../arm-none-eabi/lib/thumb/v7e-m+fp/hard\libstdc++_nano.a(functexcept.o)
                0x080049bc                std::__throw_length_error(char const*)
 .text._ZdlPv   0x080049c2        0x4 C:/ST/STM32CubeIDE_1.18.1/STM32CubeIDE/plugins/com.st.stm32cube.ide.mcu.externaltools.gnu-tools-for-stm32.13.3.rel1.win32_1.0.0.202411081344/tools/bin/../lib/gcc/arm-none-eabi/13.3.1/../../../../arm-none-eabi/lib/thumb/v7e-m+fp/hard\libstdc++_nano.a(del_op.o)
                0x080049c2                operator delete(void*)
 *fill*         0x080049c6        0x2 
 .text._ZSt15get_new_handlerv
                0x080049c8       0x10 C:/ST/STM32CubeIDE_1.18.1/STM32CubeIDE/plugins/com.st.stm32cube.ide.mcu.externaltools.gnu-tools-for-stm32.13.3.rel1.win32_1.0.0.202411081344/tools/bin/../lib/gcc/arm-none-eabi/13.3.1/../../../../arm-none-eabi/lib/thumb/v7e-m+fp/hard\libstdc++_nano.a(new_handler.o)
                0x080049c8                std::get_new_handler()
 .text.abort    0x080049d8        0xe C:/ST/STM32CubeIDE_1.18.1/STM32CubeIDE/plugins/com.st.stm32cube.ide.mcu.externaltools.gnu-tools-for-stm32.13.3.rel1.win32_1.0.0.202411081344/tools/bin/../lib/gcc/arm-none-eabi/13.3.1/../../../../arm-none-eabi/lib/thumb/v7e-m+fp/hard\libc_nano.a(libc_a-abort.o)
                0x080049d8                abort
 *fill*         0x080049e6        0x2 
 .text.malloc   0x080049e8       0x10 C:/ST/STM32CubeIDE_1.18.1/STM32CubeIDE/plugins/com.st.stm32cube.ide.mcu.externaltools.gnu-tools-for-stm32.13.3.rel1.win32_1.0.0.202411081344/tools/bin/../lib/gcc/arm-none-eabi/13.3.1/../../../../arm-none-eabi/lib/thumb/v7e-m+fp/hard\libc_nano.a(libc_a-malloc.o)
                0x080049e8                malloc
 .text.free     0x080049f8       0x10 C:/ST/STM32CubeIDE_1.18.1/STM32CubeIDE/plugins/com.st.stm32cube.ide.mcu.externaltools.gnu-tools-for-stm32.13.3.rel1.win32_1.0.0.202411081344/tools/bin/../lib/gcc/arm-none-eabi/13.3.1/../../../../arm-none-eabi/lib/thumb/v7e-m+fp/hard\libc_nano.a(libc_a-malloc.o)
                0x080049f8                free
 .text.sbrk_aligned
                0x08004a08       0x44 C:/ST/STM32CubeIDE_1.18.1/STM32CubeIDE/plugins/com.st.stm32cube.ide.mcu.externaltools.gnu-tools-for-stm32.13.3.rel1.win32_1.0.0.202411081344/tools/bin/../lib/gcc/arm-none-eabi/13.3.1/../../../../arm-none-eabi/lib/thumb/v7e-m+fp/hard\libc_nano.a(libc_a-mallocr.o)
 .text._malloc_r
                0x08004a4c      0x100 C:/ST/STM32CubeIDE_1.18.1/STM32CubeIDE/plugins/com.st.stm32cube.ide.mcu.externaltools.gnu-tools-for-stm32.13.3.rel1.win32_1.0.0.202411081344/tools/bin/../lib/gcc/arm-none-eabi/13.3.1/../../../../arm-none-eabi/lib/thumb/v7e-m+fp/hard\libc_nano.a(libc_a-mallocr.o)
                0x08004a4c                _malloc_r
 .text.__malloc_lock
                0x08004b4c        0xc C:/ST/STM32CubeIDE_1.18.1/STM32CubeIDE/plugins/com.st.stm32cube.ide.mcu.externaltools.gnu-tools-for-stm32.13.3.rel1.win32_1.0.0.202411081344/tools/bin/../lib/gcc/arm-none-eabi/13.3.1/../../../../arm-none-eabi/lib/thumb/v7e-m+fp/hard\libc_nano.a(libc_a-mlock.o)
                0x08004b4c                __malloc_lock
 .text.__malloc_unlock
                0x08004b58        0xc C:/ST/STM32CubeIDE_1.18.1/STM32CubeIDE/plugins/com.st.stm32cube.ide.mcu.externaltools.gnu-tools-for-stm32.13.3.rel1.win32_1.0.0.202411081344/tools/bin/../lib/gcc/arm-none-eabi/13.3.1/../../../../arm-none-eabi/lib/thumb/v7e-m+fp/hard\libc_nano.a(libc_a-mlock.o)
                0x08004b58                __malloc_unlock
 .text.realloc  0x08004b64       0x10 C:/ST/STM32CubeIDE_1.18.1/STM32CubeIDE/plugins/com.st.stm32cube.ide.mcu.externaltools.gnu-tools-for-stm32.13.3.rel1.win32_1.0.0.202411081344/tools/bin/../lib/gcc/arm-none-eabi/13.3.1/../../../../arm-none-eabi/lib/thumb/v7e-m+fp/hard\libc_nano.a(libc_a-realloc.o)
                0x08004b64                realloc
 .text._realloc_r
                0x08004b74       0x5c C:/ST/STM32CubeIDE_1.18.1/STM32CubeIDE/plugins/com.st.stm32cube.ide.mcu.externaltools.gnu-tools-for-stm32.13.3.rel1.win32_1.0.0.202411081344/tools/bin/../lib/gcc/arm-none-eabi/13.3.1/../../../../arm-none-eabi/lib/thumb/v7e-m+fp/hard\libc_nano.a(libc_a-reallocr.o)
                0x08004b74                _realloc_r
 .text.sprintf  0x08004bd0       0x44 C:/ST/STM32CubeIDE_1.18.1/STM32CubeIDE/plugins/com.st.stm32cube.ide.mcu.externaltools.gnu-tools-for-stm32.13.3.rel1.win32_1.0.0.202411081344/tools/bin/../lib/gcc/arm-none-eabi/13.3.1/../../../../arm-none-eabi/lib/thumb/v7e-m+fp/hard\libc_nano.a(libc_a-sprintf.o)
                0x08004bd0                siprintf
                0x08004bd0                sprintf
 .text.memset   0x08004c14       0x10 C:/ST/STM32CubeIDE_1.18.1/STM32CubeIDE/plugins/com.st.stm32cube.ide.mcu.externaltools.gnu-tools-for-stm32.13.3.rel1.win32_1.0.0.202411081344/tools/bin/../lib/gcc/arm-none-eabi/13.3.1/../../../../arm-none-eabi/lib/thumb/v7e-m+fp/hard\libc_nano.a(libc_a-memset.o)
                0x08004c14                memset
 .text._raise_r
                0x08004c24       0x50 C:/ST/STM32CubeIDE_1.18.1/STM32CubeIDE/plugins/com.st.stm32cube.ide.mcu.externaltools.gnu-tools-for-stm32.13.3.rel1.win32_1.0.0.202411081344/tools/bin/../lib/gcc/arm-none-eabi/13.3.1/../../../../arm-none-eabi/lib/thumb/v7e-m+fp/hard\libc_nano.a(libc_a-signal.o)
                0x08004c24                _raise_r
 .text.raise    0x08004c74       0x10 C:/ST/STM32CubeIDE_1.18.1/STM32CubeIDE/plugins/com.st.stm32cube.ide.mcu.externaltools.gnu-tools-for-stm32.13.3.rel1.win32_1.0.0.202411081344/tools/bin/../lib/gcc/arm-none-eabi/13.3.1/../../../../arm-none-eabi/lib/thumb/v7e-m+fp/hard\libc_nano.a(libc_a-signal.o)
                0x08004c74                raise
 .text._kill_r  0x08004c84       0x24 C:/ST/STM32CubeIDE_1.18.1/STM32CubeIDE/plugins/com.st.stm32cube.ide.mcu.externaltools.gnu-tools-for-stm32.13.3.rel1.win32_1.0.0.202411081344/tools/bin/../lib/gcc/arm-none-eabi/13.3.1/../../../../arm-none-eabi/lib/thumb/v7e-m+fp/hard\libc_nano.a(libc_a-signalr.o)
                0x08004c84                _kill_r
 .text._getpid_r
                0x08004ca8        0x4 C:/ST/STM32CubeIDE_1.18.1/STM32CubeIDE/plugins/com.st.stm32cube.ide.mcu.externaltools.gnu-tools-for-stm32.13.3.rel1.win32_1.0.0.202411081344/tools/bin/../lib/gcc/arm-none-eabi/13.3.1/../../../../arm-none-eabi/lib/thumb/v7e-m+fp/hard\libc_nano.a(libc_a-signalr.o)
                0x08004ca8                _getpid_r
 .text._sbrk_r  0x08004cac       0x20 C:/ST/STM32CubeIDE_1.18.1/STM32CubeIDE/plugins/com.st.stm32cube.ide.mcu.externaltools.gnu-tools-for-stm32.13.3.rel1.win32_1.0.0.202411081344/tools/bin/../lib/gcc/arm-none-eabi/13.3.1/../../../../arm-none-eabi/lib/thumb/v7e-m+fp/hard\libc_nano.a(libc_a-sbrkr.o)
                0x08004cac                _sbrk_r
 .text.__errno  0x08004ccc        0xc C:/ST/STM32CubeIDE_1.18.1/STM32CubeIDE/plugins/com.st.stm32cube.ide.mcu.externaltools.gnu-tools-for-stm32.13.3.rel1.win32_1.0.0.202411081344/tools/bin/../lib/gcc/arm-none-eabi/13.3.1/../../../../arm-none-eabi/lib/thumb/v7e-m+fp/hard\libc_nano.a(libc_a-errno.o)
                0x08004ccc                __errno
 .text.__libc_init_array
                0x08004cd8       0x48 C:/ST/STM32CubeIDE_1.18.1/STM32CubeIDE/plugins/com.st.stm32cube.ide.mcu.externaltools.gnu-tools-for-stm32.13.3.rel1.win32_1.0.0.202411081344/tools/bin/../lib/gcc/arm-none-eabi/13.3.1/../../../../arm-none-eabi/lib/thumb/v7e-m+fp/hard\libc_nano.a(libc_a-init.o)
                0x08004cd8                __libc_init_array
 .text.__retarget_lock_acquire_recursive
                0x08004d20        0x2 C:/ST/STM32CubeIDE_1.18.1/STM32CubeIDE/plugins/com.st.stm32cube.ide.mcu.externaltools.gnu-tools-for-stm32.13.3.rel1.win32_1.0.0.202411081344/tools/bin/../lib/gcc/arm-none-eabi/13.3.1/../../../../arm-none-eabi/lib/thumb/v7e-m+fp/hard\libc_nano.a(libc_a-lock.o)
                0x08004d20                __retarget_lock_acquire_recursive
 .text.__retarget_lock_release_recursive
                0x08004d22        0x2 C:/ST/STM32CubeIDE_1.18.1/STM32CubeIDE/plugins/com.st.stm32cube.ide.mcu.externaltools.gnu-tools-for-stm32.13.3.rel1.win32_1.0.0.202411081344/tools/bin/../lib/gcc/arm-none-eabi/13.3.1/../../../../arm-none-eabi/lib/thumb/v7e-m+fp/hard\libc_nano.a(libc_a-lock.o)
                0x08004d22                __retarget_lock_release_recursive
 .text.memcpy   0x08004d24       0x1c C:/ST/STM32CubeIDE_1.18.1/STM32CubeIDE/plugins/com.st.stm32cube.ide.mcu.externaltools.gnu-tools-for-stm32.13.3.rel1.win32_1.0.0.202411081344/tools/bin/../lib/gcc/arm-none-eabi/13.3.1/../../../../arm-none-eabi/lib/thumb/v7e-m+fp/hard\libc_nano.a(libc_a-memcpy-stub.o)
                0x08004d24                memcpy
 .text._free_r  0x08004d40       0x94 C:/ST/STM32CubeIDE_1.18.1/STM32CubeIDE/plugins/com.st.stm32cube.ide.mcu.externaltools.gnu-tools-for-stm32.13.3.rel1.win32_1.0.0.202411081344/tools/bin/../lib/gcc/arm-none-eabi/13.3.1/../../../../arm-none-eabi/lib/thumb/v7e-m+fp/hard\libc_nano.a(libc_a-freer.o)
                0x08004d40                _free_r
 .text._malloc_usable_size_r
                0x08004dd4       0x10 C:/ST/STM32CubeIDE_1.18.1/STM32CubeIDE/plugins/com.st.stm32cube.ide.mcu.externaltools.gnu-tools-for-stm32.13.3.rel1.win32_1.0.0.202411081344/tools/bin/../lib/gcc/arm-none-eabi/13.3.1/../../../../arm-none-eabi/lib/thumb/v7e-m+fp/hard\libc_nano.a(libc_a-msizer.o)
                0x08004dd4                _malloc_usable_size_r
 .text.__ssputs_r
                0x08004de4       0xb6 C:/ST/STM32CubeIDE_1.18.1/STM32CubeIDE/plugins/com.st.stm32cube.ide.mcu.externaltools.gnu-tools-for-stm32.13.3.rel1.win32_1.0.0.202411081344/tools/bin/../lib/gcc/arm-none-eabi/13.3.1/../../../../arm-none-eabi/lib/thumb/v7e-m+fp/hard\libc_nano.a(libc_a-nano-svfprintf.o)
                0x08004de4                __ssputs_r
 *fill*         0x08004e9a        0x2 
 .text._svfprintf_r
                0x08004e9c      0x1f8 C:/ST/STM32CubeIDE_1.18.1/STM32CubeIDE/plugins/com.st.stm32cube.ide.mcu.externaltools.gnu-tools-for-stm32.13.3.rel1.win32_1.0.0.202411081344/tools/bin/../lib/gcc/arm-none-eabi/13.3.1/../../../../arm-none-eabi/lib/thumb/v7e-m+fp/hard\libc_nano.a(libc_a-nano-svfprintf.o)
                0x08004e9c                _svfiprintf_r
                0x08004e9c                _svfprintf_r
 .text._printf_common
                0x08005094       0xda C:/ST/STM32CubeIDE_1.18.1/STM32CubeIDE/plugins/com.st.stm32cube.ide.mcu.externaltools.gnu-tools-for-stm32.13.3.rel1.win32_1.0.0.202411081344/tools/bin/../lib/gcc/arm-none-eabi/13.3.1/../../../../arm-none-eabi/lib/thumb/v7e-m+fp/hard\libc_nano.a(libc_a-nano-vfprintf_i.o)
                0x08005094                _printf_common
 *fill*         0x0800516e        0x2 
 .text._printf_i
                0x08005170      0x23c C:/ST/STM32CubeIDE_1.18.1/STM32CubeIDE/plugins/com.st.stm32cube.ide.mcu.externaltools.gnu-tools-for-stm32.13.3.rel1.win32_1.0.0.202411081344/tools/bin/../lib/gcc/arm-none-eabi/13.3.1/../../../../arm-none-eabi/lib/thumb/v7e-m+fp/hard\libc_nano.a(libc_a-nano-vfprintf_i.o)
                0x08005170                _printf_i
 .text.memmove  0x080053ac       0x34 C:/ST/STM32CubeIDE_1.18.1/STM32CubeIDE/plugins/com.st.stm32cube.ide.mcu.externaltools.gnu-tools-for-stm32.13.3.rel1.win32_1.0.0.202411081344/tools/bin/../lib/gcc/arm-none-eabi/13.3.1/../../../../arm-none-eabi/lib/thumb/v7e-m+fp/hard\libc_nano.a(libc_a-memmove.o)
                0x080053ac                memmove
 *(.glue_7)
 .glue_7        0x080053e0        0x0 linker stubs
 *(.glue_7t)
 .glue_7t       0x080053e0        0x0 linker stubs
 *(.eh_frame)
 .eh_frame      0x080053e0        0x0 C:/ST/STM32CubeIDE_1.18.1/STM32CubeIDE/plugins/com.st.stm32cube.ide.mcu.externaltools.gnu-tools-for-stm32.13.3.rel1.win32_1.0.0.202411081344/tools/bin/../lib/gcc/arm-none-eabi/13.3.1/thumb/v7e-m+fp/hard/crtbegin.o
 *(.init)
 .init          0x080053e0        0x4 C:/ST/STM32CubeIDE_1.18.1/STM32CubeIDE/plugins/com.st.stm32cube.ide.mcu.externaltools.gnu-tools-for-stm32.13.3.rel1.win32_1.0.0.202411081344/tools/bin/../lib/gcc/arm-none-eabi/13.3.1/thumb/v7e-m+fp/hard/crti.o
                0x080053e0                _init
 .init          0x080053e4        0x8 C:/ST/STM32CubeIDE_1.18.1/STM32CubeIDE/plugins/com.st.stm32cube.ide.mcu.externaltools.gnu-tools-for-stm32.13.3.rel1.win32_1.0.0.202411081344/tools/bin/../lib/gcc/arm-none-eabi/13.3.1/thumb/v7e-m+fp/hard/crtn.o
 *(.fini)
 .fini          0x080053ec        0x4 C:/ST/STM32CubeIDE_1.18.1/STM32CubeIDE/plugins/com.st.stm32cube.ide.mcu.externaltools.gnu-tools-for-stm32.13.3.rel1.win32_1.0.0.202411081344/tools/bin/../lib/gcc/arm-none-eabi/13.3.1/thumb/v7e-m+fp/hard/crti.o
                0x080053ec                _fini
 .fini          0x080053f0        0x8 C:/ST/STM32CubeIDE_1.18.1/STM32CubeIDE/plugins/com.st.stm32cube.ide.mcu.externaltools.gnu-tools-for-stm32.13.3.rel1.win32_1.0.0.202411081344/tools/bin/../lib/gcc/arm-none-eabi/13.3.1/thumb/v7e-m+fp/hard/crtn.o
                0x080053f8                        . = ALIGN (0x4)
                0x080053f8                        _etext = .

.vfp11_veneer   0x080053f8        0x0
 .vfp11_veneer  0x080053f8        0x0 linker stubs

.v4_bx          0x080053f8        0x0
 .v4_bx         0x080053f8        0x0 linker stubs

.iplt           0x080053f8        0x0
 .iplt          0x080053f8        0x0 C:/ST/STM32CubeIDE_1.18.1/STM32CubeIDE/plugins/com.st.stm32cube.ide.mcu.externaltools.gnu-tools-for-stm32.13.3.rel1.win32_1.0.0.202411081344/tools/bin/../lib/gcc/arm-none-eabi/13.3.1/thumb/v7e-m+fp/hard/crtbegin.o

.rodata         0x080053f8      0x114
                0x080053f8                        . = ALIGN (0x4)
 *(.rodata)
 .rodata        0x080053f8       0x99 ./Core/Src/main.o
 *(.rodata*)
 *fill*         0x08005491        0x3 
 .rodata.AHBPrescTable
                0x08005494       0x10 ./Core/Src/system_stm32g4xx.o
                0x08005494                AHBPrescTable
 .rodata.APBPrescTable
                0x080054a4        0x8 ./Core/Src/system_stm32g4xx.o
                0x080054a4                APBPrescTable
 .rodata.BUTTON_EXTI_LINE.2
                0x080054ac        0x4 ./Drivers/BSP/STM32G4xx_Nucleo/stm32g4xx_nucleo.o
 .rodata.UARTPrescTable
                0x080054b0       0x18 ./Drivers/STM32G4xx_HAL_Driver/Src/stm32g4xx_hal_uart.o
                0x080054b0                UARTPrescTable
 .rodata.numerator.1
                0x080054c8        0x8 ./Drivers/STM32G4xx_HAL_Driver/Src/stm32g4xx_hal_uart_ex.o
 .rodata.denominator.0
                0x080054d0        0x8 ./Drivers/STM32G4xx_HAL_Driver/Src/stm32g4xx_hal_uart_ex.o
 .rodata._svfprintf_r.str1.1
                0x080054d8       0x33 C:/ST/STM32CubeIDE_1.18.1/STM32CubeIDE/plugins/com.st.stm32cube.ide.mcu.externaltools.gnu-tools-for-stm32.13.3.rel1.win32_1.0.0.202411081344/tools/bin/../lib/gcc/arm-none-eabi/13.3.1/../../../../arm-none-eabi/lib/thumb/v7e-m+fp/hard\libc_nano.a(libc_a-nano-svfprintf.o)
                                 0x11 (size before relaxing)
 .rodata._printf_i.str1.1
                0x0800550b       0x22 C:/ST/STM32CubeIDE_1.18.1/STM32CubeIDE/plugins/com.st.stm32cube.ide.mcu.externaltools.gnu-tools-for-stm32.13.3.rel1.win32_1.0.0.202411081344/tools/bin/../lib/gcc/arm-none-eabi/13.3.1/../../../../arm-none-eabi/lib/thumb/v7e-m+fp/hard\libc_nano.a(libc_a-nano-vfprintf_i.o)
                0x08005530                        . = ALIGN (0x4)
 *fill*         0x0800550b        0x1 

.ARM.extab      0x0800550c        0x0
                0x0800550c                        . = ALIGN (0x4)
 *(.ARM.extab* .gnu.linkonce.armextab.*)
                0x0800550c                        . = ALIGN (0x4)

.ARM            0x0800550c        0x8
                0x0800550c                        . = ALIGN (0x4)
                0x0800550c                        __exidx_start = .
 *(.ARM.exidx*)
 .ARM.exidx     0x0800550c        0x8 C:/ST/STM32CubeIDE_1.18.1/STM32CubeIDE/plugins/com.st.stm32cube.ide.mcu.externaltools.gnu-tools-for-stm32.13.3.rel1.win32_1.0.0.202411081344/tools/bin/../lib/gcc/arm-none-eabi/13.3.1/../../../../arm-none-eabi/lib/thumb/v7e-m+fp/hard\libc_nano.a(libc_a-strlen.o)
 .ARM.exidx     0x08005514        0x0 C:/ST/STM32CubeIDE_1.18.1/STM32CubeIDE/plugins/com.st.stm32cube.ide.mcu.externaltools.gnu-tools-for-stm32.13.3.rel1.win32_1.0.0.202411081344/tools/bin/../lib/gcc/arm-none-eabi/13.3.1/../../../../arm-none-eabi/lib/thumb/v7e-m+fp/hard\libc_nano.a(libc_a-memchr.o)
                                  0x8 (size before relaxing)
 .ARM.exidx     0x08005514        0x0 C:/ST/STM32CubeIDE_1.18.1/STM32CubeIDE/plugins/com.st.stm32cube.ide.mcu.externaltools.gnu-tools-for-stm32.13.3.rel1.win32_1.0.0.202411081344/tools/bin/../lib/gcc/arm-none-eabi/13.3.1/thumb/v7e-m+fp/hard\libgcc.a(_udivmoddi4.o)
                                  0x8 (size before relaxing)
                0x08005514                        __exidx_end = .
                0x08005514                        . = ALIGN (0x4)

.preinit_array  0x08005514        0x0
                0x08005514                        . = ALIGN (0x4)
                0x08005514                        PROVIDE (__preinit_array_start = .)
 *(.preinit_array*)
                0x08005514                        PROVIDE (__preinit_array_end = .)
                0x08005514                        . = ALIGN (0x4)

.init_array     0x08005514        0x8
                0x08005514                        . = ALIGN (0x4)
                0x08005514                        PROVIDE (__init_array_start = .)
 *(SORT_BY_NAME(.init_array.*))
 *(.init_array*)
 .init_array    0x08005514        0x4 C:/ST/STM32CubeIDE_1.18.1/STM32CubeIDE/plugins/com.st.stm32cube.ide.mcu.externaltools.gnu-tools-for-stm32.13.3.rel1.win32_1.0.0.202411081344/tools/bin/../lib/gcc/arm-none-eabi/13.3.1/thumb/v7e-m+fp/hard/crtbegin.o
 .init_array    0x08005518        0x4 ./Core/Src/main.o
                0x0800551c                        PROVIDE (__init_array_end = .)
                0x0800551c                        . = ALIGN (0x4)

.fini_array     0x0800551c        0x4
                0x0800551c                        . = ALIGN (0x4)
                [!provide]                        PROVIDE (__fini_array_start = .)
 *(SORT_BY_NAME(.fini_array.*))
 *(.fini_array*)
 .fini_array    0x0800551c        0x4 C:/ST/STM32CubeIDE_1.18.1/STM32CubeIDE/plugins/com.st.stm32cube.ide.mcu.externaltools.gnu-tools-for-stm32.13.3.rel1.win32_1.0.0.202411081344/tools/bin/../lib/gcc/arm-none-eabi/13.3.1/thumb/v7e-m+fp/hard/crtbegin.o
                [!provide]                        PROVIDE (__fini_array_end = .)
                0x08005520                        . = ALIGN (0x4)
                0x08005520                        _sidata = LOADADDR (.data)

.rel.dyn        0x08005520        0x0
 .rel.iplt      0x08005520        0x0 C:/ST/STM32CubeIDE_1.18.1/STM32CubeIDE/plugins/com.st.stm32cube.ide.mcu.externaltools.gnu-tools-for-stm32.13.3.rel1.win32_1.0.0.202411081344/tools/bin/../lib/gcc/arm-none-eabi/13.3.1/thumb/v7e-m+fp/hard/crtbegin.o

.data           0x20000000       0x6c load address 0x08005520
                0x20000000                        . = ALIGN (0x4)
                0x20000000                        _sdata = .
 *(.data)
 *(.data*)
 .data.SystemCoreClock
                0x20000000        0x4 ./Core/Src/system_stm32g4xx.o
                0x20000000                SystemCoreClock
 .data.LED_PORT
                0x20000004        0x4 ./Drivers/BSP/STM32G4xx_Nucleo/stm32g4xx_nucleo.o
 .data.BUTTON_PORT
                0x20000008        0x4 ./Drivers/BSP/STM32G4xx_Nucleo/stm32g4xx_nucleo.o
 .data.ButtonCallback.1
                0x2000000c        0x4 ./Drivers/BSP/STM32G4xx_Nucleo/stm32g4xx_nucleo.o
 .data.BSP_BUTTON_PRIO.0
                0x20000010        0x4 ./Drivers/BSP/STM32G4xx_Nucleo/stm32g4xx_nucleo.o
 .data.uwTickPrio
                0x20000014        0x4 ./Drivers/STM32G4xx_HAL_Driver/Src/stm32g4xx_hal.o
                0x20000014                uwTickPrio
 .data.uwTickFreq
                0x20000018        0x4 ./Drivers/STM32G4xx_HAL_Driver/Src/stm32g4xx_hal.o
                0x20000018                uwTickFreq
 .data._impure_ptr
                0x2000001c        0x4 C:/ST/STM32CubeIDE_1.18.1/STM32CubeIDE/plugins/com.st.stm32cube.ide.mcu.externaltools.gnu-tools-for-stm32.13.3.rel1.win32_1.0.0.202411081344/tools/bin/../lib/gcc/arm-none-eabi/13.3.1/../../../../arm-none-eabi/lib/thumb/v7e-m+fp/hard\libc_nano.a(libc_a-impure.o)
                0x2000001c                _impure_ptr
 .data._impure_data
                0x20000020       0x4c C:/ST/STM32CubeIDE_1.18.1/STM32CubeIDE/plugins/com.st.stm32cube.ide.mcu.externaltools.gnu-tools-for-stm32.13.3.rel1.win32_1.0.0.202411081344/tools/bin/../lib/gcc/arm-none-eabi/13.3.1/../../../../arm-none-eabi/lib/thumb/v7e-m+fp/hard\libc_nano.a(libc_a-impure.o)
                0x20000020                _impure_data
 *(.RamFunc)
 *(.RamFunc*)
                0x2000006c                        . = ALIGN (0x4)
                0x2000006c                        _edata = .

.igot.plt       0x2000006c        0x0 load address 0x0800558c
 .igot.plt      0x2000006c        0x0 C:/ST/STM32CubeIDE_1.18.1/STM32CubeIDE/plugins/com.st.stm32cube.ide.mcu.externaltools.gnu-tools-for-stm32.13.3.rel1.win32_1.0.0.202411081344/tools/bin/../lib/gcc/arm-none-eabi/13.3.1/thumb/v7e-m+fp/hard/crtbegin.o
                0x2000006c                        . = ALIGN (0x4)

.bss            0x20000070      0x59c load address 0x0800558c
                0x20000070                        _sbss = .
                0x20000070                        __bss_start__ = _sbss
 *(.bss)
 .bss           0x20000070       0x1c C:/ST/STM32CubeIDE_1.18.1/STM32CubeIDE/plugins/com.st.stm32cube.ide.mcu.externaltools.gnu-tools-for-stm32.13.3.rel1.win32_1.0.0.202411081344/tools/bin/../lib/gcc/arm-none-eabi/13.3.1/thumb/v7e-m+fp/hard/crtbegin.o
 *(.bss*)
 .bss.hfdcan1   0x2000008c       0x64 ./Core/Src/main.o
                0x2000008c                hfdcan1
 .bss.huart2    0x200000f0       0x94 ./Core/Src/main.o
                0x200000f0                huart2
 .bss.pbuf      0x20000184      0x100 ./Core/Src/main.o
                0x20000184                pbuf
 *fill*         0x20000284        0x4 
 .bss.moteus1   0x20000288      0x220 ./Core/Src/main.o
                0x20000288                moteus1
 .bss.last_send
                0x200004a8        0x4 ./Core/Src/main.o
                0x200004a8                last_send
 .bss.loop_count
                0x200004ac        0x4 ./Core/Src/main.o
                0x200004ac                loop_count
 .bss.__sbrk_heap_end
                0x200004b0        0x4 ./Core/Src/sysmem.o
 .bss.hpb_exti  0x200004b4        0x8 ./Drivers/BSP/STM32G4xx_Nucleo/stm32g4xx_nucleo.o
                0x200004b4                hpb_exti
 .bss.uwTick    0x200004bc        0x4 ./Drivers/STM32G4xx_HAL_Driver/Src/stm32g4xx_hal.o
                0x200004bc                uwTick
 .bss._ZN12_GLOBAL__N_113__new_handlerE
                0x200004c0        0x4 C:/ST/STM32CubeIDE_1.18.1/STM32CubeIDE/plugins/com.st.stm32cube.ide.mcu.externaltools.gnu-tools-for-stm32.13.3.rel1.win32_1.0.0.202411081344/tools/bin/../lib/gcc/arm-none-eabi/13.3.1/../../../../arm-none-eabi/lib/thumb/v7e-m+fp/hard\libstdc++_nano.a(new_handler.o)
 .bss.__malloc_sbrk_start
                0x200004c4        0x4 C:/ST/STM32CubeIDE_1.18.1/STM32CubeIDE/plugins/com.st.stm32cube.ide.mcu.externaltools.gnu-tools-for-stm32.13.3.rel1.win32_1.0.0.202411081344/tools/bin/../lib/gcc/arm-none-eabi/13.3.1/../../../../arm-none-eabi/lib/thumb/v7e-m+fp/hard\libc_nano.a(libc_a-mallocr.o)
                0x200004c4                __malloc_sbrk_start
 .bss.__malloc_free_list
                0x200004c8        0x4 C:/ST/STM32CubeIDE_1.18.1/STM32CubeIDE/plugins/com.st.stm32cube.ide.mcu.externaltools.gnu-tools-for-stm32.13.3.rel1.win32_1.0.0.202411081344/tools/bin/../lib/gcc/arm-none-eabi/13.3.1/../../../../arm-none-eabi/lib/thumb/v7e-m+fp/hard\libc_nano.a(libc_a-mallocr.o)
                0x200004c8                __malloc_free_list
 .bss.__sf      0x200004cc      0x138 C:/ST/STM32CubeIDE_1.18.1/STM32CubeIDE/plugins/com.st.stm32cube.ide.mcu.externaltools.gnu-tools-for-stm32.13.3.rel1.win32_1.0.0.202411081344/tools/bin/../lib/gcc/arm-none-eabi/13.3.1/../../../../arm-none-eabi/lib/thumb/v7e-m+fp/hard\libc_nano.a(libc_a-findfp.o)
                0x200004cc                __sf
 .bss.errno     0x20000604        0x4 C:/ST/STM32CubeIDE_1.18.1/STM32CubeIDE/plugins/com.st.stm32cube.ide.mcu.externaltools.gnu-tools-for-stm32.13.3.rel1.win32_1.0.0.202411081344/tools/bin/../lib/gcc/arm-none-eabi/13.3.1/../../../../arm-none-eabi/lib/thumb/v7e-m+fp/hard\libc_nano.a(libc_a-reent.o)
                0x20000604                errno
 .bss.__lock___malloc_recursive_mutex
                0x20000608        0x1 C:/ST/STM32CubeIDE_1.18.1/STM32CubeIDE/plugins/com.st.stm32cube.ide.mcu.externaltools.gnu-tools-for-stm32.13.3.rel1.win32_1.0.0.202411081344/tools/bin/../lib/gcc/arm-none-eabi/13.3.1/../../../../arm-none-eabi/lib/thumb/v7e-m+fp/hard\libc_nano.a(libc_a-lock.o)
                0x20000608                __lock___malloc_recursive_mutex
 *(COMMON)
                0x2000060c                        . = ALIGN (0x4)
 *fill*         0x20000609        0x3 
                0x2000060c                        _ebss = .
                0x2000060c                        __bss_end__ = _ebss

._user_heap_stack
                0x2000060c      0x604 load address 0x0800558c
                0x20000610                        . = ALIGN (0x8)
 *fill*         0x2000060c        0x4 
                [!provide]                        PROVIDE (end = .)
                0x20000610                        PROVIDE (_end = .)
                0x20000810                        . = (. + _Min_Heap_Size)
 *fill*         0x20000610      0x200 
                0x20000c10                        . = (. + _Min_Stack_Size)
 *fill*         0x20000810      0x400 
                0x20000c10                        . = ALIGN (0x8)

/DISCARD/
 libc.a(*)
 libm.a(*)
 libgcc.a(*)

.ARM.attributes
                0x00000000       0x30
 *(.ARM.attributes)
 .ARM.attributes
                0x00000000       0x22 C:/ST/STM32CubeIDE_1.18.1/STM32CubeIDE/plugins/com.st.stm32cube.ide.mcu.externaltools.gnu-tools-for-stm32.13.3.rel1.win32_1.0.0.202411081344/tools/bin/../lib/gcc/arm-none-eabi/13.3.1/thumb/v7e-m+fp/hard/crti.o
 .ARM.attributes
                0x00000022       0x34 C:/ST/STM32CubeIDE_1.18.1/STM32CubeIDE/plugins/com.st.stm32cube.ide.mcu.externaltools.gnu-tools-for-stm32.13.3.rel1.win32_1.0.0.202411081344/tools/bin/../lib/gcc/arm-none-eabi/13.3.1/thumb/v7e-m+fp/hard/crtbegin.o
 .ARM.attributes
                0x00000056       0x34 ./Core/Src/main.o
 .ARM.attributes
                0x0000008a       0x34 ./Core/Src/stm32g4xx_hal_msp.o
 .ARM.attributes
                0x000000be       0x34 ./Core/Src/stm32g4xx_it.o
 .ARM.attributes
                0x000000f2       0x34 ./Core/Src/syscalls.o
 .ARM.attributes
                0x00000126       0x34 ./Core/Src/sysmem.o
 .ARM.attributes
                0x0000015a       0x34 ./Core/Src/system_stm32g4xx.o
 .ARM.attributes
                0x0000018e       0x21 ./Core/Startup/startup_stm32g474retx.o
 .ARM.attributes
                0x000001af       0x34 ./Drivers/BSP/STM32G4xx_Nucleo/stm32g4xx_nucleo.o
 .ARM.attributes
                0x000001e3       0x34 ./Drivers/STM32G4xx_HAL_Driver/Src/stm32g4xx_hal.o
 .ARM.attributes
                0x00000217       0x34 ./Drivers/STM32G4xx_HAL_Driver/Src/stm32g4xx_hal_cortex.o
 .ARM.attributes
                0x0000024b       0x34 ./Drivers/STM32G4xx_HAL_Driver/Src/stm32g4xx_hal_exti.o
 .ARM.attributes
                0x0000027f       0x34 ./Drivers/STM32G4xx_HAL_Driver/Src/stm32g4xx_hal_fdcan.o
 .ARM.attributes
                0x000002b3       0x34 ./Drivers/STM32G4xx_HAL_Driver/Src/stm32g4xx_hal_gpio.o
 .ARM.attributes
                0x000002e7       0x34 ./Drivers/STM32G4xx_HAL_Driver/Src/stm32g4xx_hal_pwr_ex.o
 .ARM.attributes
                0x0000031b       0x34 ./Drivers/STM32G4xx_HAL_Driver/Src/stm32g4xx_hal_rcc.o
 .ARM.attributes
                0x0000034f       0x34 ./Drivers/STM32G4xx_HAL_Driver/Src/stm32g4xx_hal_rcc_ex.o
 .ARM.attributes
                0x00000383       0x34 ./Drivers/STM32G4xx_HAL_Driver/Src/stm32g4xx_hal_uart.o
 .ARM.attributes
                0x000003b7       0x34 ./Drivers/STM32G4xx_HAL_Driver/Src/stm32g4xx_hal_uart_ex.o
 .ARM.attributes
                0x000003eb       0x34 C:/ST/STM32CubeIDE_1.18.1/STM32CubeIDE/plugins/com.st.stm32cube.ide.mcu.externaltools.gnu-tools-for-stm32.13.3.rel1.win32_1.0.0.202411081344/tools/bin/../lib/gcc/arm-none-eabi/13.3.1/../../../../arm-none-eabi/lib/thumb/v7e-m+fp/hard\libstdc++_nano.a(del_ops.o)
 .ARM.attributes
                0x0000041f       0x34 C:/ST/STM32CubeIDE_1.18.1/STM32CubeIDE/plugins/com.st.stm32cube.ide.mcu.externaltools.gnu-tools-for-stm32.13.3.rel1.win32_1.0.0.202411081344/tools/bin/../lib/gcc/arm-none-eabi/13.3.1/../../../../arm-none-eabi/lib/thumb/v7e-m+fp/hard\libstdc++_nano.a(new_op.o)
 .ARM.attributes
                0x00000453       0x34 C:/ST/STM32CubeIDE_1.18.1/STM32CubeIDE/plugins/com.st.stm32cube.ide.mcu.externaltools.gnu-tools-for-stm32.13.3.rel1.win32_1.0.0.202411081344/tools/bin/../lib/gcc/arm-none-eabi/13.3.1/../../../../arm-none-eabi/lib/thumb/v7e-m+fp/hard\libstdc++_nano.a(functexcept.o)
 .ARM.attributes
                0x00000487       0x34 C:/ST/STM32CubeIDE_1.18.1/STM32CubeIDE/plugins/com.st.stm32cube.ide.mcu.externaltools.gnu-tools-for-stm32.13.3.rel1.win32_1.0.0.202411081344/tools/bin/../lib/gcc/arm-none-eabi/13.3.1/../../../../arm-none-eabi/lib/thumb/v7e-m+fp/hard\libstdc++_nano.a(del_op.o)
 .ARM.attributes
                0x000004bb       0x34 C:/ST/STM32CubeIDE_1.18.1/STM32CubeIDE/plugins/com.st.stm32cube.ide.mcu.externaltools.gnu-tools-for-stm32.13.3.rel1.win32_1.0.0.202411081344/tools/bin/../lib/gcc/arm-none-eabi/13.3.1/../../../../arm-none-eabi/lib/thumb/v7e-m+fp/hard\libstdc++_nano.a(new_handler.o)
 .ARM.attributes
                0x000004ef       0x34 C:/ST/STM32CubeIDE_1.18.1/STM32CubeIDE/plugins/com.st.stm32cube.ide.mcu.externaltools.gnu-tools-for-stm32.13.3.rel1.win32_1.0.0.202411081344/tools/bin/../lib/gcc/arm-none-eabi/13.3.1/../../../../arm-none-eabi/lib/thumb/v7e-m+fp/hard\libc_nano.a(libc_a-abort.o)
 .ARM.attributes
                0x00000523       0x34 C:/ST/STM32CubeIDE_1.18.1/STM32CubeIDE/plugins/com.st.stm32cube.ide.mcu.externaltools.gnu-tools-for-stm32.13.3.rel1.win32_1.0.0.202411081344/tools/bin/../lib/gcc/arm-none-eabi/13.3.1/../../../../arm-none-eabi/lib/thumb/v7e-m+fp/hard\libc_nano.a(libc_a-malloc.o)
 .ARM.attributes
                0x00000557       0x34 C:/ST/STM32CubeIDE_1.18.1/STM32CubeIDE/plugins/com.st.stm32cube.ide.mcu.externaltools.gnu-tools-for-stm32.13.3.rel1.win32_1.0.0.202411081344/tools/bin/../lib/gcc/arm-none-eabi/13.3.1/../../../../arm-none-eabi/lib/thumb/v7e-m+fp/hard\libc_nano.a(libc_a-mallocr.o)
 .ARM.attributes
                0x0000058b       0x34 C:/ST/STM32CubeIDE_1.18.1/STM32CubeIDE/plugins/com.st.stm32cube.ide.mcu.externaltools.gnu-tools-for-stm32.13.3.rel1.win32_1.0.0.202411081344/tools/bin/../lib/gcc/arm-none-eabi/13.3.1/../../../../arm-none-eabi/lib/thumb/v7e-m+fp/hard\libc_nano.a(libc_a-mlock.o)
 .ARM.attributes
                0x000005bf       0x34 C:/ST/STM32CubeIDE_1.18.1/STM32CubeIDE/plugins/com.st.stm32cube.ide.mcu.externaltools.gnu-tools-for-stm32.13.3.rel1.win32_1.0.0.202411081344/tools/bin/../lib/gcc/arm-none-eabi/13.3.1/../../../../arm-none-eabi/lib/thumb/v7e-m+fp/hard\libc_nano.a(libc_a-realloc.o)
 .ARM.attributes
                0x000005f3       0x34 C:/ST/STM32CubeIDE_1.18.1/STM32CubeIDE/plugins/com.st.stm32cube.ide.mcu.externaltools.gnu-tools-for-stm32.13.3.rel1.win32_1.0.0.202411081344/tools/bin/../lib/gcc/arm-none-eabi/13.3.1/../../../../arm-none-eabi/lib/thumb/v7e-m+fp/hard\libc_nano.a(libc_a-reallocr.o)
 .ARM.attributes
                0x00000627       0x34 C:/ST/STM32CubeIDE_1.18.1/STM32CubeIDE/plugins/com.st.stm32cube.ide.mcu.externaltools.gnu-tools-for-stm32.13.3.rel1.win32_1.0.0.202411081344/tools/bin/../lib/gcc/arm-none-eabi/13.3.1/../../../../arm-none-eabi/lib/thumb/v7e-m+fp/hard\libc_nano.a(libc_a-findfp.o)
 .ARM.attributes
                0x0000065b       0x34 C:/ST/STM32CubeIDE_1.18.1/STM32CubeIDE/plugins/com.st.stm32cube.ide.mcu.externaltools.gnu-tools-for-stm32.13.3.rel1.win32_1.0.0.202411081344/tools/bin/../lib/gcc/arm-none-eabi/13.3.1/../../../../arm-none-eabi/lib/thumb/v7e-m+fp/hard\libc_nano.a(libc_a-sprintf.o)
 .ARM.attributes
                0x0000068f       0x34 C:/ST/STM32CubeIDE_1.18.1/STM32CubeIDE/plugins/com.st.stm32cube.ide.mcu.externaltools.gnu-tools-for-stm32.13.3.rel1.win32_1.0.0.202411081344/tools/bin/../lib/gcc/arm-none-eabi/13.3.1/../../../../arm-none-eabi/lib/thumb/v7e-m+fp/hard\libc_nano.a(libc_a-memset.o)
 .ARM.attributes
                0x000006c3       0x34 C:/ST/STM32CubeIDE_1.18.1/STM32CubeIDE/plugins/com.st.stm32cube.ide.mcu.externaltools.gnu-tools-for-stm32.13.3.rel1.win32_1.0.0.202411081344/tools/bin/../lib/gcc/arm-none-eabi/13.3.1/../../../../arm-none-eabi/lib/thumb/v7e-m+fp/hard\libc_nano.a(libc_a-signal.o)
 .ARM.attributes
                0x000006f7       0x34 C:/ST/STM32CubeIDE_1.18.1/STM32CubeIDE/plugins/com.st.stm32cube.ide.mcu.externaltools.gnu-tools-for-stm32.13.3.rel1.win32_1.0.0.202411081344/tools/bin/../lib/gcc/arm-none-eabi/13.3.1/../../../../arm-none-eabi/lib/thumb/v7e-m+fp/hard\libc_nano.a(libc_a-reent.o)
 .ARM.attributes
                0x0000072b       0x34 C:/ST/STM32CubeIDE_1.18.1/STM32CubeIDE/plugins/com.st.stm32cube.ide.mcu.externaltools.gnu-tools-for-stm32.13.3.rel1.win32_1.0.0.202411081344/tools/bin/../lib/gcc/arm-none-eabi/13.3.1/../../../../arm-none-eabi/lib/thumb/v7e-m+fp/hard\libc_nano.a(libc_a-impure.o)
 .ARM.attributes
                0x0000075f       0x34 C:/ST/STM32CubeIDE_1.18.1/STM32CubeIDE/plugins/com.st.stm32cube.ide.mcu.externaltools.gnu-tools-for-stm32.13.3.rel1.win32_1.0.0.202411081344/tools/bin/../lib/gcc/arm-none-eabi/13.3.1/../../../../arm-none-eabi/lib/thumb/v7e-m+fp/hard\libc_nano.a(libc_a-signalr.o)
 .ARM.attributes
                0x00000793       0x34 C:/ST/STM32CubeIDE_1.18.1/STM32CubeIDE/plugins/com.st.stm32cube.ide.mcu.externaltools.gnu-tools-for-stm32.13.3.rel1.win32_1.0.0.202411081344/tools/bin/../lib/gcc/arm-none-eabi/13.3.1/../../../../arm-none-eabi/lib/thumb/v7e-m+fp/hard\libc_nano.a(libc_a-sbrkr.o)
 .ARM.attributes
                0x000007c7       0x34 C:/ST/STM32CubeIDE_1.18.1/STM32CubeIDE/plugins/com.st.stm32cube.ide.mcu.externaltools.gnu-tools-for-stm32.13.3.rel1.win32_1.0.0.202411081344/tools/bin/../lib/gcc/arm-none-eabi/13.3.1/../../../../arm-none-eabi/lib/thumb/v7e-m+fp/hard\libc_nano.a(libc_a-errno.o)
 .ARM.attributes
                0x000007fb       0x34 C:/ST/STM32CubeIDE_1.18.1/STM32CubeIDE/plugins/com.st.stm32cube.ide.mcu.externaltools.gnu-tools-for-stm32.13.3.rel1.win32_1.0.0.202411081344/tools/bin/../lib/gcc/arm-none-eabi/13.3.1/../../../../arm-none-eabi/lib/thumb/v7e-m+fp/hard\libc_nano.a(libc_a-init.o)
 .ARM.attributes
                0x0000082f       0x34 C:/ST/STM32CubeIDE_1.18.1/STM32CubeIDE/plugins/com.st.stm32cube.ide.mcu.externaltools.gnu-tools-for-stm32.13.3.rel1.win32_1.0.0.202411081344/tools/bin/../lib/gcc/arm-none-eabi/13.3.1/../../../../arm-none-eabi/lib/thumb/v7e-m+fp/hard\libc_nano.a(libc_a-lock.o)
 .ARM.attributes
                0x00000863       0x34 C:/ST/STM32CubeIDE_1.18.1/STM32CubeIDE/plugins/com.st.stm32cube.ide.mcu.externaltools.gnu-tools-for-stm32.13.3.rel1.win32_1.0.0.202411081344/tools/bin/../lib/gcc/arm-none-eabi/13.3.1/../../../../arm-none-eabi/lib/thumb/v7e-m+fp/hard\libc_nano.a(libc_a-memcpy-stub.o)
 .ARM.attributes
                0x00000897       0x17 C:/ST/STM32CubeIDE_1.18.1/STM32CubeIDE/plugins/com.st.stm32cube.ide.mcu.externaltools.gnu-tools-for-stm32.13.3.rel1.win32_1.0.0.202411081344/tools/bin/../lib/gcc/arm-none-eabi/13.3.1/../../../../arm-none-eabi/lib/thumb/v7e-m+fp/hard\libc_nano.a(libc_a-strlen.o)
 .ARM.attributes
                0x000008ae       0x34 C:/ST/STM32CubeIDE_1.18.1/STM32CubeIDE/plugins/com.st.stm32cube.ide.mcu.externaltools.gnu-tools-for-stm32.13.3.rel1.win32_1.0.0.202411081344/tools/bin/../lib/gcc/arm-none-eabi/13.3.1/../../../../arm-none-eabi/lib/thumb/v7e-m+fp/hard\libc_nano.a(libc_a-freer.o)
 .ARM.attributes
                0x000008e2       0x34 C:/ST/STM32CubeIDE_1.18.1/STM32CubeIDE/plugins/com.st.stm32cube.ide.mcu.externaltools.gnu-tools-for-stm32.13.3.rel1.win32_1.0.0.202411081344/tools/bin/../lib/gcc/arm-none-eabi/13.3.1/../../../../arm-none-eabi/lib/thumb/v7e-m+fp/hard\libc_nano.a(libc_a-msizer.o)
 .ARM.attributes
                0x00000916       0x34 C:/ST/STM32CubeIDE_1.18.1/STM32CubeIDE/plugins/com.st.stm32cube.ide.mcu.externaltools.gnu-tools-for-stm32.13.3.rel1.win32_1.0.0.202411081344/tools/bin/../lib/gcc/arm-none-eabi/13.3.1/../../../../arm-none-eabi/lib/thumb/v7e-m+fp/hard\libc_nano.a(libc_a-nano-svfprintf.o)
 .ARM.attributes
                0x0000094a       0x34 C:/ST/STM32CubeIDE_1.18.1/STM32CubeIDE/plugins/com.st.stm32cube.ide.mcu.externaltools.gnu-tools-for-stm32.13.3.rel1.win32_1.0.0.202411081344/tools/bin/../lib/gcc/arm-none-eabi/13.3.1/../../../../arm-none-eabi/lib/thumb/v7e-m+fp/hard\libc_nano.a(libc_a-nano-vfprintf_i.o)
 .ARM.attributes
                0x0000097e       0x34 C:/ST/STM32CubeIDE_1.18.1/STM32CubeIDE/plugins/com.st.stm32cube.ide.mcu.externaltools.gnu-tools-for-stm32.13.3.rel1.win32_1.0.0.202411081344/tools/bin/../lib/gcc/arm-none-eabi/13.3.1/../../../../arm-none-eabi/lib/thumb/v7e-m+fp/hard\libc_nano.a(libc_a-memmove.o)
 .ARM.attributes
                0x000009b2       0x1c C:/ST/STM32CubeIDE_1.18.1/STM32CubeIDE/plugins/com.st.stm32cube.ide.mcu.externaltools.gnu-tools-for-stm32.13.3.rel1.win32_1.0.0.202411081344/tools/bin/../lib/gcc/arm-none-eabi/13.3.1/../../../../arm-none-eabi/lib/thumb/v7e-m+fp/hard\libc_nano.a(libc_a-memchr.o)
 .ARM.attributes
                0x000009ce       0x22 C:/ST/STM32CubeIDE_1.18.1/STM32CubeIDE/plugins/com.st.stm32cube.ide.mcu.externaltools.gnu-tools-for-stm32.13.3.rel1.win32_1.0.0.202411081344/tools/bin/../lib/gcc/arm-none-eabi/13.3.1/thumb/v7e-m+fp/hard\libgcc.a(_aeabi_uldivmod.o)
 .ARM.attributes
                0x000009f0       0x34 C:/ST/STM32CubeIDE_1.18.1/STM32CubeIDE/plugins/com.st.stm32cube.ide.mcu.externaltools.gnu-tools-for-stm32.13.3.rel1.win32_1.0.0.202411081344/tools/bin/../lib/gcc/arm-none-eabi/13.3.1/thumb/v7e-m+fp/hard\libgcc.a(_udivmoddi4.o)
 .ARM.attributes
                0x00000a24       0x22 C:/ST/STM32CubeIDE_1.18.1/STM32CubeIDE/plugins/com.st.stm32cube.ide.mcu.externaltools.gnu-tools-for-stm32.13.3.rel1.win32_1.0.0.202411081344/tools/bin/../lib/gcc/arm-none-eabi/13.3.1/thumb/v7e-m+fp/hard\libgcc.a(_dvmd_tls.o)
 .ARM.attributes
                0x00000a46       0x22 C:/ST/STM32CubeIDE_1.18.1/STM32CubeIDE/plugins/com.st.stm32cube.ide.mcu.externaltools.gnu-tools-for-stm32.13.3.rel1.win32_1.0.0.202411081344/tools/bin/../lib/gcc/arm-none-eabi/13.3.1/thumb/v7e-m+fp/hard/crtn.o
OUTPUT(g474_moteus_can_test.elf elf32-littlearm)
LOAD linker stubs
LOAD C:/ST/STM32CubeIDE_1.18.1/STM32CubeIDE/plugins/com.st.stm32cube.ide.mcu.externaltools.gnu-tools-for-stm32.13.3.rel1.win32_1.0.0.202411081344/tools/bin/../lib/gcc/arm-none-eabi/13.3.1/../../../../arm-none-eabi/lib/thumb/v7e-m+fp/hard\libc.a
LOAD C:/ST/STM32CubeIDE_1.18.1/STM32CubeIDE/plugins/com.st.stm32cube.ide.mcu.externaltools.gnu-tools-for-stm32.13.3.rel1.win32_1.0.0.202411081344/tools/bin/../lib/gcc/arm-none-eabi/13.3.1/../../../../arm-none-eabi/lib/thumb/v7e-m+fp/hard\libm.a
LOAD C:/ST/STM32CubeIDE_1.18.1/STM32CubeIDE/plugins/com.st.stm32cube.ide.mcu.externaltools.gnu-tools-for-stm32.13.3.rel1.win32_1.0.0.202411081344/tools/bin/../lib/gcc/arm-none-eabi/13.3.1/thumb/v7e-m+fp/hard\libgcc.a

.debug_info     0x00000000    0x1846e
 .debug_info    0x00000000     0x9cd6 ./Core/Src/main.o
 .debug_info    0x00009cd6     0x12bf ./Core/Src/stm32g4xx_hal_msp.o
 .debug_info    0x0000af95      0x15b ./Core/Src/stm32g4xx_it.o
 .debug_info    0x0000b0f0      0x6a3 ./Core/Src/syscalls.o
 .debug_info    0x0000b793      0x168 ./Core/Src/sysmem.o
 .debug_info    0x0000b8fb      0x58e ./Core/Src/system_stm32g4xx.o
 .debug_info    0x0000be89       0x30 ./Core/Startup/startup_stm32g474retx.o
 .debug_info    0x0000beb9      0xc6d ./Drivers/BSP/STM32G4xx_Nucleo/stm32g4xx_nucleo.o
 .debug_info    0x0000cb26      0xb95 ./Drivers/STM32G4xx_HAL_Driver/Src/stm32g4xx_hal.o
 .debug_info    0x0000d6bb      0xdf9 ./Drivers/STM32G4xx_HAL_Driver/Src/stm32g4xx_hal_cortex.o
 .debug_info    0x0000e4b4      0x63d ./Drivers/STM32G4xx_HAL_Driver/Src/stm32g4xx_hal_exti.o
 .debug_info    0x0000eaf1     0x18bb ./Drivers/STM32G4xx_HAL_Driver/Src/stm32g4xx_hal_fdcan.o
 .debug_info    0x000103ac      0x763 ./Drivers/STM32G4xx_HAL_Driver/Src/stm32g4xx_hal_gpio.o
 .debug_info    0x00010b0f      0x93f ./Drivers/STM32G4xx_HAL_Driver/Src/stm32g4xx_hal_pwr_ex.o
 .debug_info    0x0001144e      0xbe0 ./Drivers/STM32G4xx_HAL_Driver/Src/stm32g4xx_hal_rcc.o
 .debug_info    0x0001202e      0xc45 ./Drivers/STM32G4xx_HAL_Driver/Src/stm32g4xx_hal_rcc_ex.o
 .debug_info    0x00012c73     0x481e ./Drivers/STM32G4xx_HAL_Driver/Src/stm32g4xx_hal_uart.o
 .debug_info    0x00017491      0xfdd ./Drivers/STM32G4xx_HAL_Driver/Src/stm32g4xx_hal_uart_ex.o

.debug_abbrev   0x00000000     0x2dfc
 .debug_abbrev  0x00000000      0xd41 ./Core/Src/main.o
 .debug_abbrev  0x00000d41      0x1e3 ./Core/Src/stm32g4xx_hal_msp.o
 .debug_abbrev  0x00000f24       0xbc ./Core/Src/stm32g4xx_it.o
 .debug_abbrev  0x00000fe0      0x1b6 ./Core/Src/syscalls.o
 .debug_abbrev  0x00001196       0xbc ./Core/Src/sysmem.o
 .debug_abbrev  0x00001252      0x11a ./Core/Src/system_stm32g4xx.o
 .debug_abbrev  0x0000136c       0x24 ./Core/Startup/startup_stm32g474retx.o
 .debug_abbrev  0x00001390      0x262 ./Drivers/BSP/STM32G4xx_Nucleo/stm32g4xx_nucleo.o
 .debug_abbrev  0x000015f2      0x271 ./Drivers/STM32G4xx_HAL_Driver/Src/stm32g4xx_hal.o
 .debug_abbrev  0x00001863      0x31c ./Drivers/STM32G4xx_HAL_Driver/Src/stm32g4xx_hal_cortex.o
 .debug_abbrev  0x00001b7f      0x1a8 ./Drivers/STM32G4xx_HAL_Driver/Src/stm32g4xx_hal_exti.o
 .debug_abbrev  0x00001d27      0x1e7 ./Drivers/STM32G4xx_HAL_Driver/Src/stm32g4xx_hal_fdcan.o
 .debug_abbrev  0x00001f0e      0x1cb ./Drivers/STM32G4xx_HAL_Driver/Src/stm32g4xx_hal_gpio.o
 .debug_abbrev  0x000020d9      0x22c ./Drivers/STM32G4xx_HAL_Driver/Src/stm32g4xx_hal_pwr_ex.o
 .debug_abbrev  0x00002305      0x2c9 ./Drivers/STM32G4xx_HAL_Driver/Src/stm32g4xx_hal_rcc.o
 .debug_abbrev  0x000025ce      0x258 ./Drivers/STM32G4xx_HAL_Driver/Src/stm32g4xx_hal_rcc_ex.o
 .debug_abbrev  0x00002826      0x304 ./Drivers/STM32G4xx_HAL_Driver/Src/stm32g4xx_hal_uart.o
 .debug_abbrev  0x00002b2a      0x2d2 ./Drivers/STM32G4xx_HAL_Driver/Src/stm32g4xx_hal_uart_ex.o

.debug_aranges  0x00000000      0xf68
 .debug_aranges
                0x00000000      0x270 ./Core/Src/main.o
 .debug_aranges
                0x00000270       0x40 ./Core/Src/stm32g4xx_hal_msp.o
 .debug_aranges
                0x000002b0       0x68 ./Core/Src/stm32g4xx_it.o
 .debug_aranges
                0x00000318       0xa8 ./Core/Src/syscalls.o
 .debug_aranges
                0x000003c0       0x20 ./Core/Src/sysmem.o
 .debug_aranges
                0x000003e0       0x28 ./Core/Src/system_stm32g4xx.o
 .debug_aranges
                0x00000408       0x28 ./Core/Startup/startup_stm32g474retx.o
 .debug_aranges
                0x00000430       0x90 ./Drivers/BSP/STM32G4xx_Nucleo/stm32g4xx_nucleo.o
 .debug_aranges
                0x000004c0      0x148 ./Drivers/STM32G4xx_HAL_Driver/Src/stm32g4xx_hal.o
 .debug_aranges
                0x00000608      0x128 ./Drivers/STM32G4xx_HAL_Driver/Src/stm32g4xx_hal_cortex.o
 .debug_aranges
                0x00000730       0x60 ./Drivers/STM32G4xx_HAL_Driver/Src/stm32g4xx_hal_exti.o
 .debug_aranges
                0x00000790      0x208 ./Drivers/STM32G4xx_HAL_Driver/Src/stm32g4xx_hal_fdcan.o
 .debug_aranges
                0x00000998       0x58 ./Drivers/STM32G4xx_HAL_Driver/Src/stm32g4xx_hal_gpio.o
 .debug_aranges
                0x000009f0      0x140 ./Drivers/STM32G4xx_HAL_Driver/Src/stm32g4xx_hal_pwr_ex.o
 .debug_aranges
                0x00000b30       0x98 ./Drivers/STM32G4xx_HAL_Driver/Src/stm32g4xx_hal_rcc.o
 .debug_aranges
                0x00000bc8       0xb0 ./Drivers/STM32G4xx_HAL_Driver/Src/stm32g4xx_hal_rcc_ex.o
 .debug_aranges
                0x00000c78      0x248 ./Drivers/STM32G4xx_HAL_Driver/Src/stm32g4xx_hal_uart.o
 .debug_aranges
                0x00000ec0       0xa8 ./Drivers/STM32G4xx_HAL_Driver/Src/stm32g4xx_hal_uart_ex.o

.debug_rnglists
                0x00000000      0xbc6
 .debug_rnglists
                0x00000000      0x1e7 ./Core/Src/main.o
 .debug_rnglists
                0x000001e7       0x2d ./Core/Src/stm32g4xx_hal_msp.o
 .debug_rnglists
                0x00000214       0x49 ./Core/Src/stm32g4xx_it.o
 .debug_rnglists
                0x0000025d       0x79 ./Core/Src/syscalls.o
 .debug_rnglists
                0x000002d6       0x13 ./Core/Src/sysmem.o
 .debug_rnglists
                0x000002e9       0x1a ./Core/Src/system_stm32g4xx.o
 .debug_rnglists
                0x00000303       0x19 ./Core/Startup/startup_stm32g474retx.o
 .debug_rnglists
                0x0000031c       0x68 ./Drivers/BSP/STM32G4xx_Nucleo/stm32g4xx_nucleo.o
 .debug_rnglists
                0x00000384       0xf1 ./Drivers/STM32G4xx_HAL_Driver/Src/stm32g4xx_hal.o
 .debug_rnglists
                0x00000475       0xda ./Drivers/STM32G4xx_HAL_Driver/Src/stm32g4xx_hal_cortex.o
 .debug_rnglists
                0x0000054f       0x46 ./Drivers/STM32G4xx_HAL_Driver/Src/stm32g4xx_hal_exti.o
 .debug_rnglists
                0x00000595      0x18d ./Drivers/STM32G4xx_HAL_Driver/Src/stm32g4xx_hal_fdcan.o
 .debug_rnglists
                0x00000722       0x3f ./Drivers/STM32G4xx_HAL_Driver/Src/stm32g4xx_hal_gpio.o
 .debug_rnglists
                0x00000761       0xf1 ./Drivers/STM32G4xx_HAL_Driver/Src/stm32g4xx_hal_pwr_ex.o
 .debug_rnglists
                0x00000852       0x74 ./Drivers/STM32G4xx_HAL_Driver/Src/stm32g4xx_hal_rcc.o
 .debug_rnglists
                0x000008c6       0x87 ./Drivers/STM32G4xx_HAL_Driver/Src/stm32g4xx_hal_rcc_ex.o
 .debug_rnglists
                0x0000094d      0x1fa ./Drivers/STM32G4xx_HAL_Driver/Src/stm32g4xx_hal_uart.o
 .debug_rnglists
                0x00000b47       0x7f ./Drivers/STM32G4xx_HAL_Driver/Src/stm32g4xx_hal_uart_ex.o

.debug_macro    0x00000000    0x2a568
 .debug_macro   0x00000000      0x6a7 ./Core/Src/main.o
 .debug_macro   0x000006a7      0xbb6 ./Core/Src/main.o
 .debug_macro   0x0000125d       0x22 ./Core/Src/main.o
 .debug_macro   0x0000127f       0x5b ./Core/Src/main.o
 .debug_macro   0x000012da       0x2a ./Core/Src/main.o
 .debug_macro   0x00001304       0x94 ./Core/Src/main.o
 .debug_macro   0x00001398       0x43 ./Core/Src/main.o
 .debug_macro   0x000013db       0x34 ./Core/Src/main.o
 .debug_macro   0x0000140f       0x16 ./Core/Src/main.o
 .debug_macro   0x00001425       0x57 ./Core/Src/main.o
 .debug_macro   0x0000147c       0x9e ./Core/Src/main.o
 .debug_macro   0x0000151a      0x38c ./Core/Src/main.o
 .debug_macro   0x000018a6      0x119 ./Core/Src/main.o
 .debug_macro   0x000019bf       0x10 ./Core/Src/main.o
 .debug_macro   0x000019cf       0x16 ./Core/Src/main.o
 .debug_macro   0x000019e5       0x4a ./Core/Src/main.o
 .debug_macro   0x00001a2f       0x34 ./Core/Src/main.o
 .debug_macro   0x00001a63       0x10 ./Core/Src/main.o
 .debug_macro   0x00001a73       0x58 ./Core/Src/main.o
 .debug_macro   0x00001acb       0x8e ./Core/Src/main.o
 .debug_macro   0x00001b59       0x16 ./Core/Src/main.o
 .debug_macro   0x00001b6f      0x185 ./Core/Src/main.o
 .debug_macro   0x00001cf4       0x16 ./Core/Src/main.o
 .debug_macro   0x00001d0a       0x16 ./Core/Src/main.o
 .debug_macro   0x00001d20      0x138 ./Core/Src/main.o
 .debug_macro   0x00001e58       0x16 ./Core/Src/main.o
 .debug_macro   0x00001e6e       0x3c ./Core/Src/main.o
 .debug_macro   0x00001eaa       0x20 ./Core/Src/main.o
 .debug_macro   0x00001eca      0x15b ./Core/Src/main.o
 .debug_macro   0x00002025       0x2e ./Core/Src/main.o